==== run_food_pull.bat started at Sun 11/16/2025 20:07:22.36 ====
PROJ=G:\.shortcut-targets-by-id\10hwxlrEnEox7VqS6tvo44Q8rX59qZcSg\Drones_MV\GITHUB\ISER\MJones\FOOD_SECURITY\FOOD_PRICING
PY_SETUP=G:\.shortcut-targets-by-id\10hwxlrEnEox7VqS6tvo44Q8rX59qZcSg\Drones_MV\GITHUB\ISER\MJones\FOOD_SECURITY\FOOD_PRICING\DATA_PULL_SCRIPTS\Python_setup
SCRAPE_LOG_DIR=G:\.shortcut-targets-by-id\10hwxlrEnEox7VqS6tvo44Q8rX59qZcSg\Drones_MV\GITHUB\ISER\MJones\FOOD_SECURITY\FOOD_PRICING\DATA_PULL_SCRIPTS\Scraping_Logs
[BAT] Activating FP_env virtualenv...
RUN_ACC=FALSE, RUN_CS=FALSE, RUN_FM=FALSE, RUN_WM=TRUE
[BAT] ACC_OUT_DIR=G:\.shortcut-targets-by-id\10hwxlrEnEox7VqS6tvo44Q8rX59qZcSg\Drones_MV\GITHUB\ISER\MJones\FOOD_SECURITY\FOOD_PRICING\DATA\RAW_DATA\ACC_RAW
[BAT] CS_OUT_DIR=G:\.shortcut-targets-by-id\10hwxlrEnEox7VqS6tvo44Q8rX59qZcSg\Drones_MV\GITHUB\ISER\MJones\FOOD_SECURITY\FOOD_PRICING\DATA\RAW_DATA\CS_RAW
[BAT] FM_OUT_DIR=G:\.shortcut-targets-by-id\10hwxlrEnEox7VqS6tvo44Q8rX59qZcSg\Drones_MV\GITHUB\ISER\MJones\FOOD_SECURITY\FOOD_PRICING\DATA\RAW_DATA\FM_RAW
[BAT] BRIGHTDATA_OUT_DIR=G:\.shortcut-targets-by-id\10hwxlrEnEox7VqS6tvo44Q8rX59qZcSg\Drones_MV\GITHUB\ISER\MJones\FOOD_SECURITY\FOOD_PRICING\DATA\RAW_DATA\WM_RAW
[BAT] KROGER_CLIENT_ID (masked) = uaaeco?
[BAT] BRIGHTDATA_API_KEY (masked) = fb96b4?
[BAT]   MAX_WAIT_MIN=360, POLL_EVERY_S=120
[BAT]   DATASET_ID=gd_m693oc1r1gebnayxq
[BAT] Launching central_food_pull.py

[BAT] central_food_pull.py ERRORLEVEL=
==== run_food_pull.bat started at Sun 11/16/2025 20:16:15.31 ====
PROJ=G:\.shortcut-targets-by-id\10hwxlrEnEox7VqS6tvo44Q8rX59qZcSg\Drones_MV\GITHUB\ISER\MJones\FOOD_SECURITY\FOOD_PRICING
PY_SETUP=G:\.shortcut-targets-by-id\10hwxlrEnEox7VqS6tvo44Q8rX59qZcSg\Drones_MV\GITHUB\ISER\MJones\FOOD_SECURITY\FOOD_PRICING\DATA_PULL_SCRIPTS\Python_setup
SCRAPE_LOG_DIR=G:\.shortcut-targets-by-id\10hwxlrEnEox7VqS6tvo44Q8rX59qZcSg\Drones_MV\GITHUB\ISER\MJones\FOOD_SECURITY\FOOD_PRICING\DATA_PULL_SCRIPTS\Scraping_Logs
[BAT] Activating FP_env virtualenv...
RUN_ACC=FALSE, RUN_CS=FALSE, RUN_FM=FALSE, RUN_WM=TRUE
[BAT] ACC_OUT_DIR=G:\.shortcut-targets-by-id\10hwxlrEnEox7VqS6tvo44Q8rX59qZcSg\Drones_MV\GITHUB\ISER\MJones\FOOD_SECURITY\FOOD_PRICING\DATA\RAW_DATA\ACC_RAW
[BAT] CS_OUT_DIR=G:\.shortcut-targets-by-id\10hwxlrEnEox7VqS6tvo44Q8rX59qZcSg\Drones_MV\GITHUB\ISER\MJones\FOOD_SECURITY\FOOD_PRICING\DATA\RAW_DATA\CS_RAW
[BAT] FM_OUT_DIR=G:\.shortcut-targets-by-id\10hwxlrEnEox7VqS6tvo44Q8rX59qZcSg\Drones_MV\GITHUB\ISER\MJones\FOOD_SECURITY\FOOD_PRICING\DATA\RAW_DATA\FM_RAW
[BAT] BRIGHTDATA_OUT_DIR=G:\.shortcut-targets-by-id\10hwxlrEnEox7VqS6tvo44Q8rX59qZcSg\Drones_MV\GITHUB\ISER\MJones\FOOD_SECURITY\FOOD_PRICING\DATA\RAW_DATA\WM_RAW
[BAT] KROGER_CLIENT_ID (masked) = uaaeco?
[BAT] BRIGHTDATA_API_KEY (masked) = fb96b4?
[BAT]   MAX_WAIT_MIN=360, POLL_EVERY_S=120
[BAT]   DATASET_ID=gd_m693oc1r1gebnayxq
[BAT] Launching central_food_pull.py

[BAT] central_food_pull.py ERRORLEVEL=
==== run_food_pull.bat started at Sun 11/16/2025 20:17:42.85 ====
PROJ=G:\.shortcut-targets-by-id\10hwxlrEnEox7VqS6tvo44Q8rX59qZcSg\Drones_MV\GITHUB\ISER\MJones\FOOD_SECURITY\FOOD_PRICING
PY_SETUP=G:\.shortcut-targets-by-id\10hwxlrEnEox7VqS6tvo44Q8rX59qZcSg\Drones_MV\GITHUB\ISER\MJones\FOOD_SECURITY\FOOD_PRICING\DATA_PULL_SCRIPTS\Python_setup
SCRAPE_LOG_DIR=G:\.shortcut-targets-by-id\10hwxlrEnEox7VqS6tvo44Q8rX59qZcSg\Drones_MV\GITHUB\ISER\MJones\FOOD_SECURITY\FOOD_PRICING\DATA_PULL_SCRIPTS\Scraping_Logs
[BAT] Activating FP_env virtualenv...
RUN_ACC=FALSE, RUN_CS=FALSE, RUN_FM=FALSE, RUN_WM=TRUE
[BAT] ACC_OUT_DIR=G:\.shortcut-targets-by-id\10hwxlrEnEox7VqS6tvo44Q8rX59qZcSg\Drones_MV\GITHUB\ISER\MJones\FOOD_SECURITY\FOOD_PRICING\DATA\RAW_DATA\ACC_RAW
[BAT] CS_OUT_DIR=G:\.shortcut-targets-by-id\10hwxlrEnEox7VqS6tvo44Q8rX59qZcSg\Drones_MV\GITHUB\ISER\MJones\FOOD_SECURITY\FOOD_PRICING\DATA\RAW_DATA\CS_RAW
[BAT] FM_OUT_DIR=G:\.shortcut-targets-by-id\10hwxlrEnEox7VqS6tvo44Q8rX59qZcSg\Drones_MV\GITHUB\ISER\MJones\FOOD_SECURITY\FOOD_PRICING\DATA\RAW_DATA\FM_RAW
[BAT] BRIGHTDATA_OUT_DIR=G:\.shortcut-targets-by-id\10hwxlrEnEox7VqS6tvo44Q8rX59qZcSg\Drones_MV\GITHUB\ISER\MJones\FOOD_SECURITY\FOOD_PRICING\DATA\RAW_DATA\WM_RAW
[BAT] KROGER_CLIENT_ID (masked) = uaaeco?
[BAT] BRIGHTDATA_API_KEY (masked) = fb96b4?
[BAT]   MAX_WAIT_MIN=360, POLL_EVERY_S=120
[BAT]   DATASET_ID=gd_m693oc1r1gebnayxq
[BAT] Launching central_food_pull.py

[BAT] central_food_pull.py ERRORLEVEL=
==== run_food_pull.bat started at Sun 11/16/2025 20:50:53.56 ====
PROJ=G:\.shortcut-targets-by-id\10hwxlrEnEox7VqS6tvo44Q8rX59qZcSg\Drones_MV\GITHUB\ISER\MJones\FOOD_SECURITY\FOOD_PRICING
PY_SETUP=G:\.shortcut-targets-by-id\10hwxlrEnEox7VqS6tvo44Q8rX59qZcSg\Drones_MV\GITHUB\ISER\MJones\FOOD_SECURITY\FOOD_PRICING\DATA_PULL_SCRIPTS\Python_setup
SCRAPE_LOG_DIR=G:\.shortcut-targets-by-id\10hwxlrEnEox7VqS6tvo44Q8rX59qZcSg\Drones_MV\GITHUB\ISER\MJones\FOOD_SECURITY\FOOD_PRICING\DATA_PULL_SCRIPTS\Scraping_Logs
[BAT] Activating FP_env virtualenv...
RUN_ACC=FALSE, RUN_CS=FALSE, RUN_FM=FALSE, RUN_WM=TRUE
[BAT] ACC_OUT_DIR=G:\.shortcut-targets-by-id\10hwxlrEnEox7VqS6tvo44Q8rX59qZcSg\Drones_MV\GITHUB\ISER\MJones\FOOD_SECURITY\FOOD_PRICING\DATA\RAW_DATA\ACC_RAW
[BAT] CS_OUT_DIR=G:\.shortcut-targets-by-id\10hwxlrEnEox7VqS6tvo44Q8rX59qZcSg\Drones_MV\GITHUB\ISER\MJones\FOOD_SECURITY\FOOD_PRICING\DATA\RAW_DATA\CS_RAW
[BAT] FM_OUT_DIR=G:\.shortcut-targets-by-id\10hwxlrEnEox7VqS6tvo44Q8rX59qZcSg\Drones_MV\GITHUB\ISER\MJones\FOOD_SECURITY\FOOD_PRICING\DATA\RAW_DATA\FM_RAW
[BAT] BRIGHTDATA_OUT_DIR=G:\.shortcut-targets-by-id\10hwxlrEnEox7VqS6tvo44Q8rX59qZcSg\Drones_MV\GITHUB\ISER\MJones\FOOD_SECURITY\FOOD_PRICING\DATA\RAW_DATA\WM_RAW
[BAT] KROGER_CLIENT_ID (masked) = uaaeco?
[BAT] BRIGHTDATA_API_KEY (masked) = fb96b4?
[BAT]   MAX_WAIT_MIN=360, POLL_EVERY_S=120
[BAT]   DATASET_ID=gd_m693oc1r1gebnayxq
[BAT] Launching central_food_pull.py

[BAT] central_food_pull.py ERRORLEVEL=
==== run_food_pull.bat started at Mon 11/17/2025  6:15:01.43 ====
PROJ=G:\.shortcut-targets-by-id\10hwxlrEnEox7VqS6tvo44Q8rX59qZcSg\Drones_MV\GITHUB\ISER\MJones\FOOD_SECURITY\FOOD_PRICING
PY_SETUP=G:\.shortcut-targets-by-id\10hwxlrEnEox7VqS6tvo44Q8rX59qZcSg\Drones_MV\GITHUB\ISER\MJones\FOOD_SECURITY\FOOD_PRICING\DATA_PULL_SCRIPTS\Python_setup
SCRAPE_LOG_DIR=G:\.shortcut-targets-by-id\10hwxlrEnEox7VqS6tvo44Q8rX59qZcSg\Drones_MV\GITHUB\ISER\MJones\FOOD_SECURITY\FOOD_PRICING\DATA_PULL_SCRIPTS\Scraping_Logs
[BAT] Activating FP_env virtualenv...
RUN_ACC=FALSE, RUN_CS=FALSE, RUN_FM=FALSE, RUN_WM=TRUE
[BAT] ACC_OUT_DIR=G:\.shortcut-targets-by-id\10hwxlrEnEox7VqS6tvo44Q8rX59qZcSg\Drones_MV\GITHUB\ISER\MJones\FOOD_SECURITY\FOOD_PRICING\DATA\RAW_DATA\ACC_RAW
[BAT] CS_OUT_DIR=G:\.shortcut-targets-by-id\10hwxlrEnEox7VqS6tvo44Q8rX59qZcSg\Drones_MV\GITHUB\ISER\MJones\FOOD_SECURITY\FOOD_PRICING\DATA\RAW_DATA\CS_RAW
[BAT] FM_OUT_DIR=G:\.shortcut-targets-by-id\10hwxlrEnEox7VqS6tvo44Q8rX59qZcSg\Drones_MV\GITHUB\ISER\MJones\FOOD_SECURITY\FOOD_PRICING\DATA\RAW_DATA\FM_RAW
[BAT] BRIGHTDATA_OUT_DIR=G:\.shortcut-targets-by-id\10hwxlrEnEox7VqS6tvo44Q8rX59qZcSg\Drones_MV\GITHUB\ISER\MJones\FOOD_SECURITY\FOOD_PRICING\DATA\RAW_DATA\WM_RAW
[BAT] KROGER_CLIENT_ID (masked) = uaaeco?
[BAT] BRIGHTDATA_API_KEY (masked) = fb96b4?
[BAT]   MAX_WAIT_MIN=360, POLL_EVERY_S=120
[BAT]   DATASET_ID=gd_m693oc1r1gebnayxq
[BAT] Launching central_food_pull.py

==== run_food_pull.bat started at Mon 11/17/2025 11:50:54.80 ====
PROJ=G:\.shortcut-targets-by-id\10hwxlrEnEox7VqS6tvo44Q8rX59qZcSg\Drones_MV\GITHUB\ISER\MJones\FOOD_SECURITY\FOOD_PRICING
PY_SETUP=G:\.shortcut-targets-by-id\10hwxlrEnEox7VqS6tvo44Q8rX59qZcSg\Drones_MV\GITHUB\ISER\MJones\FOOD_SECURITY\FOOD_PRICING\DATA_PULL_SCRIPTS\Python_setup
SCRAPE_LOG_DIR=G:\.shortcut-targets-by-id\10hwxlrEnEox7VqS6tvo44Q8rX59qZcSg\Drones_MV\GITHUB\ISER\MJones\FOOD_SECURITY\FOOD_PRICING\DATA_PULL_SCRIPTS\Scraping_Logs
[BAT] Activating FP_env virtualenv...
RUN_ACC=FALSE, RUN_CS=FALSE, RUN_FM=FALSE, RUN_WM=TRUE
[BAT] ACC_OUT_DIR=G:\.shortcut-targets-by-id\10hwxlrEnEox7VqS6tvo44Q8rX59qZcSg\Drones_MV\GITHUB\ISER\MJones\FOOD_SECURITY\FOOD_PRICING\DATA\RAW_DATA\ACC_RAW
[BAT] CS_OUT_DIR=G:\.shortcut-targets-by-id\10hwxlrEnEox7VqS6tvo44Q8rX59qZcSg\Drones_MV\GITHUB\ISER\MJones\FOOD_SECURITY\FOOD_PRICING\DATA\RAW_DATA\CS_RAW
[BAT] FM_OUT_DIR=G:\.shortcut-targets-by-id\10hwxlrEnEox7VqS6tvo44Q8rX59qZcSg\Drones_MV\GITHUB\ISER\MJones\FOOD_SECURITY\FOOD_PRICING\DATA\RAW_DATA\FM_RAW
[BAT] BRIGHTDATA_OUT_DIR=G:\.shortcut-targets-by-id\10hwxlrEnEox7VqS6tvo44Q8rX59qZcSg\Drones_MV\GITHUB\ISER\MJones\FOOD_SECURITY\FOOD_PRICING\DATA\RAW_DATA\WM_RAW
[BAT] KROGER_CLIENT_ID (masked) = uaaeco?
[BAT] BRIGHTDATA_API_KEY (masked) = fb96b4?
[BAT]   MAX_WAIT_MIN=360, POLL_EVERY_S=120
[BAT]   DATASET_ID=gd_m693oc1r1gebnayxq
[BAT] Launching central_food_pull.py

==== run_food_pull.bat started at Mon 11/17/2025 12:53:18.21 ====
PROJ=G:\.shortcut-targets-by-id\10hwxlrEnEox7VqS6tvo44Q8rX59qZcSg\Drones_MV\GITHUB\ISER\MJones\FOOD_SECURITY\FOOD_PRICING
PY_SETUP=G:\.shortcut-targets-by-id\10hwxlrEnEox7VqS6tvo44Q8rX59qZcSg\Drones_MV\GITHUB\ISER\MJones\FOOD_SECURITY\FOOD_PRICING\DATA_PULL_SCRIPTS\Python_setup
SCRAPE_LOG_DIR=G:\.shortcut-targets-by-id\10hwxlrEnEox7VqS6tvo44Q8rX59qZcSg\Drones_MV\GITHUB\ISER\MJones\FOOD_SECURITY\FOOD_PRICING\DATA_PULL_SCRIPTS\Scraping_Logs
[BAT] Activating FP_env virtualenv...
RUN_ACC=FALSE, RUN_CS=FALSE, RUN_FM=FALSE, RUN_WM=TRUE
[BAT] ACC_OUT_DIR=G:\.shortcut-targets-by-id\10hwxlrEnEox7VqS6tvo44Q8rX59qZcSg\Drones_MV\GITHUB\ISER\MJones\FOOD_SECURITY\FOOD_PRICING\DATA\RAW_DATA\ACC_RAW
[BAT] CS_OUT_DIR=G:\.shortcut-targets-by-id\10hwxlrEnEox7VqS6tvo44Q8rX59qZcSg\Drones_MV\GITHUB\ISER\MJones\FOOD_SECURITY\FOOD_PRICING\DATA\RAW_DATA\CS_RAW
[BAT] FM_OUT_DIR=G:\.shortcut-targets-by-id\10hwxlrEnEox7VqS6tvo44Q8rX59qZcSg\Drones_MV\GITHUB\ISER\MJones\FOOD_SECURITY\FOOD_PRICING\DATA\RAW_DATA\FM_RAW
[BAT] BRIGHTDATA_OUT_DIR=G:\.shortcut-targets-by-id\10hwxlrEnEox7VqS6tvo44Q8rX59qZcSg\Drones_MV\GITHUB\ISER\MJones\FOOD_SECURITY\FOOD_PRICING\DATA\RAW_DATA\WM_RAW
[BAT] KROGER_CLIENT_ID (masked) = uaaeco?
[BAT] BRIGHTDATA_API_KEY (masked) = 5470de?
[BAT]   MAX_WAIT_MIN=360, POLL_EVERY_S=120
[BAT]   DATASET_ID=gd_m693oc1r1gebnayxq
[BAT] Launching central_food_pull.py

==== run_food_pull.bat started at Mon 11/17/2025 15:46:48.83 ====
PROJ=G:\.shortcut-targets-by-id\10hwxlrEnEox7VqS6tvo44Q8rX59qZcSg\Drones_MV\GITHUB\ISER\MJones\FOOD_SECURITY\FOOD_PRICING
PY_SETUP=G:\.shortcut-targets-by-id\10hwxlrEnEox7VqS6tvo44Q8rX59qZcSg\Drones_MV\GITHUB\ISER\MJones\FOOD_SECURITY\FOOD_PRICING\DATA_PULL_SCRIPTS\Python_setup
SCRAPE_LOG_DIR=G:\.shortcut-targets-by-id\10hwxlrEnEox7VqS6tvo44Q8rX59qZcSg\Drones_MV\GITHUB\ISER\MJones\FOOD_SECURITY\FOOD_PRICING\DATA_PULL_SCRIPTS\Scraping_Logs
[BAT] Activating FP_env virtualenv...
RUN_ACC=FALSE, RUN_CS=FALSE, RUN_FM=FALSE, RUN_WM=TRUE
[BAT] ACC_OUT_DIR=G:\.shortcut-targets-by-id\10hwxlrEnEox7VqS6tvo44Q8rX59qZcSg\Drones_MV\GITHUB\ISER\MJones\FOOD_SECURITY\FOOD_PRICING\DATA\RAW_DATA\ACC_RAW
[BAT] CS_OUT_DIR=G:\.shortcut-targets-by-id\10hwxlrEnEox7VqS6tvo44Q8rX59qZcSg\Drones_MV\GITHUB\ISER\MJones\FOOD_SECURITY\FOOD_PRICING\DATA\RAW_DATA\CS_RAW
[BAT] FM_OUT_DIR=G:\.shortcut-targets-by-id\10hwxlrEnEox7VqS6tvo44Q8rX59qZcSg\Drones_MV\GITHUB\ISER\MJones\FOOD_SECURITY\FOOD_PRICING\DATA\RAW_DATA\FM_RAW
[BAT] BRIGHTDATA_OUT_DIR=G:\.shortcut-targets-by-id\10hwxlrEnEox7VqS6tvo44Q8rX59qZcSg\Drones_MV\GITHUB\ISER\MJones\FOOD_SECURITY\FOOD_PRICING\DATA\RAW_DATA\WM_RAW
[BAT] KROGER_CLIENT_ID (masked) = uaaeco?
[BAT] BRIGHTDATA_API_KEY (masked) = 5470de?
[BAT]   MAX_WAIT_MIN=360, POLL_EVERY_S=120
[BAT]   DATASET_ID=gd_m693oc1r1gebnayxq
[BAT] Launching central_food_pull.py

[BAT] central_food_pull.py ERRORLEVEL=
==== run_food_pull.bat started at Tue 11/18/2025  6:15:01.66 ====
PROJ=G:\.shortcut-targets-by-id\10hwxlrEnEox7VqS6tvo44Q8rX59qZcSg\Drones_MV\GITHUB\ISER\MJones\FOOD_SECURITY\FOOD_PRICING
PY_SETUP=G:\.shortcut-targets-by-id\10hwxlrEnEox7VqS6tvo44Q8rX59qZcSg\Drones_MV\GITHUB\ISER\MJones\FOOD_SECURITY\FOOD_PRICING\DATA_PULL_SCRIPTS\Python_setup
SCRAPE_LOG_DIR=G:\.shortcut-targets-by-id\10hwxlrEnEox7VqS6tvo44Q8rX59qZcSg\Drones_MV\GITHUB\ISER\MJones\FOOD_SECURITY\FOOD_PRICING\DATA_PULL_SCRIPTS\Scraping_Logs
[BAT] Activating FP_env virtualenv...
RUN_ACC=FALSE, RUN_CS=FALSE, RUN_FM=FALSE, RUN_WM=TRUE
[BAT] ACC_OUT_DIR=G:\.shortcut-targets-by-id\10hwxlrEnEox7VqS6tvo44Q8rX59qZcSg\Drones_MV\GITHUB\ISER\MJones\FOOD_SECURITY\FOOD_PRICING\DATA\RAW_DATA\ACC_RAW
[BAT] CS_OUT_DIR=G:\.shortcut-targets-by-id\10hwxlrEnEox7VqS6tvo44Q8rX59qZcSg\Drones_MV\GITHUB\ISER\MJones\FOOD_SECURITY\FOOD_PRICING\DATA\RAW_DATA\CS_RAW
[BAT] FM_OUT_DIR=G:\.shortcut-targets-by-id\10hwxlrEnEox7VqS6tvo44Q8rX59qZcSg\Drones_MV\GITHUB\ISER\MJones\FOOD_SECURITY\FOOD_PRICING\DATA\RAW_DATA\FM_RAW
[BAT] BRIGHTDATA_OUT_DIR=G:\.shortcut-targets-by-id\10hwxlrEnEox7VqS6tvo44Q8rX59qZcSg\Drones_MV\GITHUB\ISER\MJones\FOOD_SECURITY\FOOD_PRICING\DATA\RAW_DATA\WM_RAW
[BAT] KROGER_CLIENT_ID (masked) = uaaeco?
[BAT] BRIGHTDATA_API_KEY (masked) = 5470de?
[BAT]   MAX_WAIT_MIN=360, POLL_EVERY_S=120
[BAT]   DATASET_ID=gd_m693oc1r1gebnayxq
[BAT] Launching central_food_pull.py

[BAT] central_food_pull.py ERRORLEVEL=
==== run_food_pull.bat started at Wed 11/19/2025  6:15:01.68 ====
PROJ=G:\.shortcut-targets-by-id\10hwxlrEnEox7VqS6tvo44Q8rX59qZcSg\Drones_MV\GITHUB\ISER\MJones\FOOD_SECURITY\FOOD_PRICING
PY_SETUP=G:\.shortcut-targets-by-id\10hwxlrEnEox7VqS6tvo44Q8rX59qZcSg\Drones_MV\GITHUB\ISER\MJones\FOOD_SECURITY\FOOD_PRICING\DATA_PULL_SCRIPTS\Python_setup
SCRAPE_LOG_DIR=G:\.shortcut-targets-by-id\10hwxlrEnEox7VqS6tvo44Q8rX59qZcSg\Drones_MV\GITHUB\ISER\MJones\FOOD_SECURITY\FOOD_PRICING\DATA_PULL_SCRIPTS\Scraping_Logs
[BAT] Activating FP_env virtualenv...
RUN_ACC=FALSE, RUN_CS=FALSE, RUN_FM=FALSE, RUN_WM=TRUE
[BAT] ACC_OUT_DIR=G:\.shortcut-targets-by-id\10hwxlrEnEox7VqS6tvo44Q8rX59qZcSg\Drones_MV\GITHUB\ISER\MJones\FOOD_SECURITY\FOOD_PRICING\DATA\RAW_DATA\ACC_RAW
[BAT] CS_OUT_DIR=G:\.shortcut-targets-by-id\10hwxlrEnEox7VqS6tvo44Q8rX59qZcSg\Drones_MV\GITHUB\ISER\MJones\FOOD_SECURITY\FOOD_PRICING\DATA\RAW_DATA\CS_RAW
[BAT] FM_OUT_DIR=G:\.shortcut-targets-by-id\10hwxlrEnEox7VqS6tvo44Q8rX59qZcSg\Drones_MV\GITHUB\ISER\MJones\FOOD_SECURITY\FOOD_PRICING\DATA\RAW_DATA\FM_RAW
[BAT] BRIGHTDATA_OUT_DIR=G:\.shortcut-targets-by-id\10hwxlrEnEox7VqS6tvo44Q8rX59qZcSg\Drones_MV\GITHUB\ISER\MJones\FOOD_SECURITY\FOOD_PRICING\DATA\RAW_DATA\WM_RAW
[BAT] KROGER_CLIENT_ID (masked) = uaaeco?
[BAT] BRIGHTDATA_API_KEY (masked) = 5470de?
[BAT]   MAX_WAIT_MIN=360, POLL_EVERY_S=120
[BAT]   DATASET_ID=gd_m693oc1r1gebnayxq
[BAT] Launching central_food_pull.py

[BAT] central_food_pull.py ERRORLEVEL=
==== run_food_pull.bat started at Thu 11/20/2025  6:15:01.69 ====
PROJ=G:\.shortcut-targets-by-id\10hwxlrEnEox7VqS6tvo44Q8rX59qZcSg\Drones_MV\GITHUB\ISER\MJones\FOOD_SECURITY\FOOD_PRICING
PY_SETUP=G:\.shortcut-targets-by-id\10hwxlrEnEox7VqS6tvo44Q8rX59qZcSg\Drones_MV\GITHUB\ISER\MJones\FOOD_SECURITY\FOOD_PRICING\DATA_PULL_SCRIPTS\Python_setup
SCRAPE_LOG_DIR=G:\.shortcut-targets-by-id\10hwxlrEnEox7VqS6tvo44Q8rX59qZcSg\Drones_MV\GITHUB\ISER\MJones\FOOD_SECURITY\FOOD_PRICING\DATA_PULL_SCRIPTS\Scraping_Logs
[BAT] Activating FP_env virtualenv...
RUN_ACC=FALSE, RUN_CS=FALSE, RUN_FM=FALSE, RUN_WM=TRUE
[BAT] ACC_OUT_DIR=G:\.shortcut-targets-by-id\10hwxlrEnEox7VqS6tvo44Q8rX59qZcSg\Drones_MV\GITHUB\ISER\MJones\FOOD_SECURITY\FOOD_PRICING\DATA\RAW_DATA\ACC_RAW
[BAT] CS_OUT_DIR=G:\.shortcut-targets-by-id\10hwxlrEnEox7VqS6tvo44Q8rX59qZcSg\Drones_MV\GITHUB\ISER\MJones\FOOD_SECURITY\FOOD_PRICING\DATA\RAW_DATA\CS_RAW
[BAT] FM_OUT_DIR=G:\.shortcut-targets-by-id\10hwxlrEnEox7VqS6tvo44Q8rX59qZcSg\Drones_MV\GITHUB\ISER\MJones\FOOD_SECURITY\FOOD_PRICING\DATA\RAW_DATA\FM_RAW
[BAT] BRIGHTDATA_OUT_DIR=G:\.shortcut-targets-by-id\10hwxlrEnEox7VqS6tvo44Q8rX59qZcSg\Drones_MV\GITHUB\ISER\MJones\FOOD_SECURITY\FOOD_PRICING\DATA\RAW_DATA\WM_RAW
[BAT] KROGER_CLIENT_ID (masked) = uaaeco?
[BAT] BRIGHTDATA_API_KEY (masked) = 5470de?
[BAT]   MAX_WAIT_MIN=360, POLL_EVERY_S=120
[BAT]   DATASET_ID=gd_m693oc1r1gebnayxq
[BAT] Launching central_food_pull.py

[BAT] central_food_pull.py ERRORLEVEL=
==== run_food_pull.bat started at Sun 11/23/2025  6:15:01.70 ====
PROJ=G:\.shortcut-targets-by-id\10hwxlrEnEox7VqS6tvo44Q8rX59qZcSg\Drones_MV\GITHUB\ISER\MJones\FOOD_SECURITY\FOOD_PRICING
PY_SETUP=G:\.shortcut-targets-by-id\10hwxlrEnEox7VqS6tvo44Q8rX59qZcSg\Drones_MV\GITHUB\ISER\MJones\FOOD_SECURITY\FOOD_PRICING\DATA_PULL_SCRIPTS\Python_setup
SCRAPE_LOG_DIR=G:\.shortcut-targets-by-id\10hwxlrEnEox7VqS6tvo44Q8rX59qZcSg\Drones_MV\GITHUB\ISER\MJones\FOOD_SECURITY\FOOD_PRICING\DATA_PULL_SCRIPTS\Scraping_Logs
[BAT] Activating FP_env virtualenv...
RUN_ACC=FALSE, RUN_CS=FALSE, RUN_FM=FALSE, RUN_WM=TRUE
[BAT] ACC_OUT_DIR=G:\.shortcut-targets-by-id\10hwxlrEnEox7VqS6tvo44Q8rX59qZcSg\Drones_MV\GITHUB\ISER\MJones\FOOD_SECURITY\FOOD_PRICING\DATA\RAW_DATA\ACC_RAW
[BAT] CS_OUT_DIR=G:\.shortcut-targets-by-id\10hwxlrEnEox7VqS6tvo44Q8rX59qZcSg\Drones_MV\GITHUB\ISER\MJones\FOOD_SECURITY\FOOD_PRICING\DATA\RAW_DATA\CS_RAW
[BAT] FM_OUT_DIR=G:\.shortcut-targets-by-id\10hwxlrEnEox7VqS6tvo44Q8rX59qZcSg\Drones_MV\GITHUB\ISER\MJones\FOOD_SECURITY\FOOD_PRICING\DATA\RAW_DATA\FM_RAW
[BAT] BRIGHTDATA_OUT_DIR=G:\.shortcut-targets-by-id\10hwxlrEnEox7VqS6tvo44Q8rX59qZcSg\Drones_MV\GITHUB\ISER\MJones\FOOD_SECURITY\FOOD_PRICING\DATA\RAW_DATA\WM_RAW
[BAT] KROGER_CLIENT_ID (masked) = uaaeco?
[BAT] BRIGHTDATA_API_KEY (masked) = 5470de?
[BAT]   MAX_WAIT_MIN=360, POLL_EVERY_S=120
[BAT]   DATASET_ID=gd_m693oc1r1gebnayxq
[BAT] Launching central_food_pull.py

[BAT] central_food_pull.py ERRORLEVEL=
==== run_food_pull.bat started at Wed 12/03/2025  6:15:01.61 ====
PROJ=G:\.shortcut-targets-by-id\10hwxlrEnEox7VqS6tvo44Q8rX59qZcSg\Drones_MV\GITHUB\ISER\MJones\FOOD_SECURITY\FOOD_PRICING
PY_SETUP=G:\.shortcut-targets-by-id\10hwxlrEnEox7VqS6tvo44Q8rX59qZcSg\Drones_MV\GITHUB\ISER\MJones\FOOD_SECURITY\FOOD_PRICING\DATA_PULL_SCRIPTS\Python_setup
SCRAPE_LOG_DIR=G:\.shortcut-targets-by-id\10hwxlrEnEox7VqS6tvo44Q8rX59qZcSg\Drones_MV\GITHUB\ISER\MJones\FOOD_SECURITY\FOOD_PRICING\DATA_PULL_SCRIPTS\Scraping_Logs
[BAT] Activating FP_env virtualenv...
RUN_ACC=FALSE, RUN_CS=FALSE, RUN_FM=FALSE, RUN_WM=TRUE
[BAT] ACC_OUT_DIR=G:\.shortcut-targets-by-id\10hwxlrEnEox7VqS6tvo44Q8rX59qZcSg\Drones_MV\GITHUB\ISER\MJones\FOOD_SECURITY\FOOD_PRICING\DATA\RAW_DATA\ACC_RAW
[BAT] CS_OUT_DIR=G:\.shortcut-targets-by-id\10hwxlrEnEox7VqS6tvo44Q8rX59qZcSg\Drones_MV\GITHUB\ISER\MJones\FOOD_SECURITY\FOOD_PRICING\DATA\RAW_DATA\CS_RAW
[BAT] FM_OUT_DIR=G:\.shortcut-targets-by-id\10hwxlrEnEox7VqS6tvo44Q8rX59qZcSg\Drones_MV\GITHUB\ISER\MJones\FOOD_SECURITY\FOOD_PRICING\DATA\RAW_DATA\FM_RAW
[BAT] BRIGHTDATA_OUT_DIR=G:\.shortcut-targets-by-id\10hwxlrEnEox7VqS6tvo44Q8rX59qZcSg\Drones_MV\GITHUB\ISER\MJones\FOOD_SECURITY\FOOD_PRICING\DATA\RAW_DATA\WM_RAW
[BAT] KROGER_CLIENT_ID (masked) = uaaeco?
[BAT] BRIGHTDATA_API_KEY (masked) = 5470de?
[BAT]   MAX_WAIT_MIN=360, POLL_EVERY_S=120
[BAT]   DATASET_ID=gd_m693oc1r1gebnayxq
[BAT] Launching central_food_pull.py

[BAT] central_food_pull.py ERRORLEVEL=
==== run_food_pull.bat started at Thu 12/04/2025  6:15:01.63 ====
PROJ=G:\.shortcut-targets-by-id\10hwxlrEnEox7VqS6tvo44Q8rX59qZcSg\Drones_MV\GITHUB\ISER\MJones\FOOD_SECURITY\FOOD_PRICING
PY_SETUP=G:\.shortcut-targets-by-id\10hwxlrEnEox7VqS6tvo44Q8rX59qZcSg\Drones_MV\GITHUB\ISER\MJones\FOOD_SECURITY\FOOD_PRICING\DATA_PULL_SCRIPTS\Python_setup
SCRAPE_LOG_DIR=G:\.shortcut-targets-by-id\10hwxlrEnEox7VqS6tvo44Q8rX59qZcSg\Drones_MV\GITHUB\ISER\MJones\FOOD_SECURITY\FOOD_PRICING\DATA_PULL_SCRIPTS\Scraping_Logs
[BAT] Activating FP_env virtualenv...
RUN_ACC=FALSE, RUN_CS=FALSE, RUN_FM=FALSE, RUN_WM=TRUE
[BAT] ACC_OUT_DIR=G:\.shortcut-targets-by-id\10hwxlrEnEox7VqS6tvo44Q8rX59qZcSg\Drones_MV\GITHUB\ISER\MJones\FOOD_SECURITY\FOOD_PRICING\DATA\RAW_DATA\ACC_RAW
[BAT] CS_OUT_DIR=G:\.shortcut-targets-by-id\10hwxlrEnEox7VqS6tvo44Q8rX59qZcSg\Drones_MV\GITHUB\ISER\MJones\FOOD_SECURITY\FOOD_PRICING\DATA\RAW_DATA\CS_RAW
[BAT] FM_OUT_DIR=G:\.shortcut-targets-by-id\10hwxlrEnEox7VqS6tvo44Q8rX59qZcSg\Drones_MV\GITHUB\ISER\MJones\FOOD_SECURITY\FOOD_PRICING\DATA\RAW_DATA\FM_RAW
[BAT] BRIGHTDATA_OUT_DIR=G:\.shortcut-targets-by-id\10hwxlrEnEox7VqS6tvo44Q8rX59qZcSg\Drones_MV\GITHUB\ISER\MJones\FOOD_SECURITY\FOOD_PRICING\DATA\RAW_DATA\WM_RAW
[BAT] KROGER_CLIENT_ID (masked) = uaaeco?
[BAT] BRIGHTDATA_API_KEY (masked) = 5470de?
[BAT]   MAX_WAIT_MIN=360, POLL_EVERY_S=120
[BAT]   DATASET_ID=gd_m693oc1r1gebnayxq
[BAT] Launching central_food_pull.py

[BAT] central_food_pull.py ERRORLEVEL=
==== run_food_pull.bat started at Sat 12/06/2025  6:15:01.62 ====
PROJ=G:\.shortcut-targets-by-id\10hwxlrEnEox7VqS6tvo44Q8rX59qZcSg\Drones_MV\GITHUB\ISER\MJones\FOOD_SECURITY\FOOD_PRICING
PY_SETUP=G:\.shortcut-targets-by-id\10hwxlrEnEox7VqS6tvo44Q8rX59qZcSg\Drones_MV\GITHUB\ISER\MJones\FOOD_SECURITY\FOOD_PRICING\DATA_PULL_SCRIPTS\Python_setup
SCRAPE_LOG_DIR=G:\.shortcut-targets-by-id\10hwxlrEnEox7VqS6tvo44Q8rX59qZcSg\Drones_MV\GITHUB\ISER\MJones\FOOD_SECURITY\FOOD_PRICING\DATA_PULL_SCRIPTS\Scraping_Logs
[BAT] Activating FP_env virtualenv...
RUN_ACC=FALSE, RUN_CS=FALSE, RUN_FM=FALSE, RUN_WM=TRUE
[BAT] ACC_OUT_DIR=G:\.shortcut-targets-by-id\10hwxlrEnEox7VqS6tvo44Q8rX59qZcSg\Drones_MV\GITHUB\ISER\MJones\FOOD_SECURITY\FOOD_PRICING\DATA\RAW_DATA\ACC_RAW
[BAT] CS_OUT_DIR=G:\.shortcut-targets-by-id\10hwxlrEnEox7VqS6tvo44Q8rX59qZcSg\Drones_MV\GITHUB\ISER\MJones\FOOD_SECURITY\FOOD_PRICING\DATA\RAW_DATA\CS_RAW
[BAT] FM_OUT_DIR=G:\.shortcut-targets-by-id\10hwxlrEnEox7VqS6tvo44Q8rX59qZcSg\Drones_MV\GITHUB\ISER\MJones\FOOD_SECURITY\FOOD_PRICING\DATA\RAW_DATA\FM_RAW
[BAT] BRIGHTDATA_OUT_DIR=G:\.shortcut-targets-by-id\10hwxlrEnEox7VqS6tvo44Q8rX59qZcSg\Drones_MV\GITHUB\ISER\MJones\FOOD_SECURITY\FOOD_PRICING\DATA\RAW_DATA\WM_RAW
[BAT] KROGER_CLIENT_ID (masked) = uaaeco?
[BAT] BRIGHTDATA_API_KEY (masked) = 5470de?
[BAT]   MAX_WAIT_MIN=360, POLL_EVERY_S=120
[BAT]   DATASET_ID=gd_m693oc1r1gebnayxq
[BAT] Launching central_food_pull.py

[BAT] central_food_pull.py ERRORLEVEL=
==== run_food_pull.bat started at Mon 12/15/2025 14:11:38.62 ====
PROJ=C:\Users\vlcollier\GITHUB_PUSH\Alaska_Food
CENTRAL_PY=C:\Users\vlcollier\GITHUB_PUSH\Alaska_Food\DATA_PULL_SCRIPTS\Python_setup\central_food_pull.py
[BAT] Launching central_food_pull.py
==== run_food_pull.bat started at Mon 12/15/2025 14:13:54.44 ====
PROJ=
CENTRAL_PY=C:\Users\vlcollier\GITHUB_PUSH\Alaska_Food\DATA_PULL_SCRIPTS\central_food_pull.py
[BAT] Launching central_food_pull.py
[BAT] Launching central_food_pull.py
[BAT] EXIT CODE=
==== run_food_pull.bat started at Wed 12/17/2025 13:46:28.62 ====
PROJ=
CENTRAL_PY=C:\Users\vlcollier\GITHUB_PUSH\Alaska_Food\DATA_PULL_SCRIPTS\central_food_pull.py
[BAT] RAW_ROOT=G:\.shortcut-targets-by-id\10hwxlrEnEox7VqS6tvo44Q8rX59qZcSg\Drones_MV\GITHUB\ISER\MJones\FOOD_SECURITY\FOOD_PRICING\DATA\RAW_DATA
[BAT] ACC_OUT_DIR=G:\.shortcut-targets-by-id\10hwxlrEnEox7VqS6tvo44Q8rX59qZcSg\Drones_MV\GITHUB\ISER\MJones\FOOD_SECURITY\FOOD_PRICING\DATA\RAW_DATA\ACC_RAW
[BAT] CS_OUT_DIR=G:\.shortcut-targets-by-id\10hwxlrEnEox7VqS6tvo44Q8rX59qZcSg\Drones_MV\GITHUB\ISER\MJones\FOOD_SECURITY\FOOD_PRICING\DATA\RAW_DATA\CS_RAW
[BAT] FM_OUT_DIR=G:\.shortcut-targets-by-id\10hwxlrEnEox7VqS6tvo44Q8rX59qZcSg\Drones_MV\GITHUB\ISER\MJones\FOOD_SECURITY\FOOD_PRICING\DATA\RAW_DATA\FM_RAW
[BAT] WM_OUT_DIR=G:\.shortcut-targets-by-id\10hwxlrEnEox7VqS6tvo44Q8rX59qZcSg\Drones_MV\GITHUB\ISER\MJones\FOOD_SECURITY\FOOD_PRICING\DATA\RAW_DATA\WM_RAW
[BAT] Launching central_food_pull.py
[BAT] EXIT CODE=
==== run_food_pull.bat started at Wed 12/17/2025 13:47:46.94 ====
PROJ=
CENTRAL_PY=C:\Users\vlcollier\GITHUB_PUSH\Alaska_Food\DATA_PULL_SCRIPTS\central_food_pull.py
[BAT] RAW_ROOT=G:\.shortcut-targets-by-id\10hwxlrEnEox7VqS6tvo44Q8rX59qZcSg\Drones_MV\GITHUB\ISER\MJones\FOOD_SECURITY\FOOD_PRICING\DATA\RAW_DATA
[BAT] ACC_OUT_DIR=G:\.shortcut-targets-by-id\10hwxlrEnEox7VqS6tvo44Q8rX59qZcSg\Drones_MV\GITHUB\ISER\MJones\FOOD_SECURITY\FOOD_PRICING\DATA\RAW_DATA\ACC_RAW
[BAT] CS_OUT_DIR=G:\.shortcut-targets-by-id\10hwxlrEnEox7VqS6tvo44Q8rX59qZcSg\Drones_MV\GITHUB\ISER\MJones\FOOD_SECURITY\FOOD_PRICING\DATA\RAW_DATA\CS_RAW
[BAT] FM_OUT_DIR=G:\.shortcut-targets-by-id\10hwxlrEnEox7VqS6tvo44Q8rX59qZcSg\Drones_MV\GITHUB\ISER\MJones\FOOD_SECURITY\FOOD_PRICING\DATA\RAW_DATA\FM_RAW
[BAT] WM_OUT_DIR=G:\.shortcut-targets-by-id\10hwxlrEnEox7VqS6tvo44Q8rX59qZcSg\Drones_MV\GITHUB\ISER\MJones\FOOD_SECURITY\FOOD_PRICING\DATA\RAW_DATA\WM_RAW
[BAT] Launching central_food_pull.py
==== run_food_pull.bat started at Wed 12/17/2025 14:02:21.51 ====
PROJ=
CENTRAL_PY=C:\Users\vlcollier\GITHUB_PUSH\Alaska_Food\DATA_PULL_SCRIPTS\central_food_pull.py
[BAT] RAW_ROOT=G:\.shortcut-targets-by-id\10hwxlrEnEox7VqS6tvo44Q8rX59qZcSg\Drones_MV\GITHUB\ISER\MJones\FOOD_SECURITY\FOOD_PRICING\DATA\RAW_DATA
[BAT] ACC_OUT_DIR=G:\.shortcut-targets-by-id\10hwxlrEnEox7VqS6tvo44Q8rX59qZcSg\Drones_MV\GITHUB\ISER\MJones\FOOD_SECURITY\FOOD_PRICING\DATA\RAW_DATA\ACC_RAW
[BAT] CS_OUT_DIR=G:\.shortcut-targets-by-id\10hwxlrEnEox7VqS6tvo44Q8rX59qZcSg\Drones_MV\GITHUB\ISER\MJones\FOOD_SECURITY\FOOD_PRICING\DATA\RAW_DATA\CS_RAW
[BAT] FM_OUT_DIR=G:\.shortcut-targets-by-id\10hwxlrEnEox7VqS6tvo44Q8rX59qZcSg\Drones_MV\GITHUB\ISER\MJones\FOOD_SECURITY\FOOD_PRICING\DATA\RAW_DATA\FM_RAW
[BAT] WM_OUT_DIR=G:\.shortcut-targets-by-id\10hwxlrEnEox7VqS6tvo44Q8rX59qZcSg\Drones_MV\GITHUB\ISER\MJones\FOOD_SECURITY\FOOD_PRICING\DATA\RAW_DATA\WM_RAW
[BAT] Launching central_food_pull.py
[BAT] EXIT CODE=
[BAT] EXIT CODE=
==== run_food_pull.bat started at Thu 12/18/2025 13:24:19.86 ====
PROJ=
CENTRAL_PY=C:\Users\vlcollier\GITHUB_PUSH\Alaska_Food\DATA_PULL_SCRIPTS\central_food_pull.py
[BAT] RAW_ROOT=G:\.shortcut-targets-by-id\10hwxlrEnEox7VqS6tvo44Q8rX59qZcSg\Drones_MV\GITHUB\ISER\MJones\FOOD_SECURITY\FOOD_PRICING\DATA\RAW_DATA
[BAT] ACC_OUT_DIR=G:\.shortcut-targets-by-id\10hwxlrEnEox7VqS6tvo44Q8rX59qZcSg\Drones_MV\GITHUB\ISER\MJones\FOOD_SECURITY\FOOD_PRICING\DATA\RAW_DATA\ACC_RAW
[BAT] CS_OUT_DIR=G:\.shortcut-targets-by-id\10hwxlrEnEox7VqS6tvo44Q8rX59qZcSg\Drones_MV\GITHUB\ISER\MJones\FOOD_SECURITY\FOOD_PRICING\DATA\RAW_DATA\CS_RAW
[BAT] FM_OUT_DIR=G:\.shortcut-targets-by-id\10hwxlrEnEox7VqS6tvo44Q8rX59qZcSg\Drones_MV\GITHUB\ISER\MJones\FOOD_SECURITY\FOOD_PRICING\DATA\RAW_DATA\FM_RAW
[BAT] WM_OUT_DIR=G:\.shortcut-targets-by-id\10hwxlrEnEox7VqS6tvo44Q8rX59qZcSg\Drones_MV\GITHUB\ISER\MJones\FOOD_SECURITY\FOOD_PRICING\DATA\RAW_DATA\WM_RAW
[BAT] Launching central_food_pull.py
[BAT] EXIT CODE=
==== run_food_pull.bat started at Thu 12/18/2025 13:30:20.37 ====
PROJ=
CENTRAL_PY=C:\Users\vlcollier\GITHUB_PUSH\Alaska_Food\DATA_PULL_SCRIPTS\central_food_pull.py
[BAT] RAW_ROOT=G:\.shortcut-targets-by-id\10hwxlrEnEox7VqS6tvo44Q8rX59qZcSg\Drones_MV\GITHUB\ISER\MJones\FOOD_SECURITY\FOOD_PRICING\DATA\RAW_DATA
[BAT] ACC_OUT_DIR=G:\.shortcut-targets-by-id\10hwxlrEnEox7VqS6tvo44Q8rX59qZcSg\Drones_MV\GITHUB\ISER\MJones\FOOD_SECURITY\FOOD_PRICING\DATA\RAW_DATA\ACC_RAW
[BAT] CS_OUT_DIR=G:\.shortcut-targets-by-id\10hwxlrEnEox7VqS6tvo44Q8rX59qZcSg\Drones_MV\GITHUB\ISER\MJones\FOOD_SECURITY\FOOD_PRICING\DATA\RAW_DATA\CS_RAW
[BAT] FM_OUT_DIR=G:\.shortcut-targets-by-id\10hwxlrEnEox7VqS6tvo44Q8rX59qZcSg\Drones_MV\GITHUB\ISER\MJones\FOOD_SECURITY\FOOD_PRICING\DATA\RAW_DATA\FM_RAW
[BAT] WM_OUT_DIR=G:\.shortcut-targets-by-id\10hwxlrEnEox7VqS6tvo44Q8rX59qZcSg\Drones_MV\GITHUB\ISER\MJones\FOOD_SECURITY\FOOD_PRICING\DATA\RAW_DATA\WM_RAW
[BAT] Launching central_food_pull.py
[BAT] EXIT CODE=
==== run_food_pull.bat started at Thu 12/18/2025 13:33:38.17 ====
PROJ=
CENTRAL_PY=C:\Users\vlcollier\GITHUB_PUSH\Alaska_Food\DATA_PULL_SCRIPTS\central_food_pull.py
[BAT] RAW_ROOT=G:\.shortcut-targets-by-id\10hwxlrEnEox7VqS6tvo44Q8rX59qZcSg\Drones_MV\GITHUB\ISER\MJones\FOOD_SECURITY\FOOD_PRICING\DATA\RAW_DATA
[BAT] ACC_OUT_DIR=G:\.shortcut-targets-by-id\10hwxlrEnEox7VqS6tvo44Q8rX59qZcSg\Drones_MV\GITHUB\ISER\MJones\FOOD_SECURITY\FOOD_PRICING\DATA\RAW_DATA\ACC_RAW
[BAT] CS_OUT_DIR=G:\.shortcut-targets-by-id\10hwxlrEnEox7VqS6tvo44Q8rX59qZcSg\Drones_MV\GITHUB\ISER\MJones\FOOD_SECURITY\FOOD_PRICING\DATA\RAW_DATA\CS_RAW
[BAT] FM_OUT_DIR=G:\.shortcut-targets-by-id\10hwxlrEnEox7VqS6tvo44Q8rX59qZcSg\Drones_MV\GITHUB\ISER\MJones\FOOD_SECURITY\FOOD_PRICING\DATA\RAW_DATA\FM_RAW
[BAT] WM_OUT_DIR=G:\.shortcut-targets-by-id\10hwxlrEnEox7VqS6tvo44Q8rX59qZcSg\Drones_MV\GITHUB\ISER\MJones\FOOD_SECURITY\FOOD_PRICING\DATA\RAW_DATA\WM_RAW
[BAT] Launching central_food_pull.py
[BAT] EXIT CODE=
==== run_food_pull.bat started at Thu 12/18/2025 13:36:26.00 ====
PROJ=
CENTRAL_PY=C:\Users\vlcollier\GITHUB_PUSH\Alaska_Food\DATA_PULL_SCRIPTS\central_food_pull.py
[BAT] RAW_ROOT=G:\.shortcut-targets-by-id\10hwxlrEnEox7VqS6tvo44Q8rX59qZcSg\Drones_MV\GITHUB\ISER\MJones\FOOD_SECURITY\FOOD_PRICING\DATA\RAW_DATA
[BAT] ACC_OUT_DIR=G:\.shortcut-targets-by-id\10hwxlrEnEox7VqS6tvo44Q8rX59qZcSg\Drones_MV\GITHUB\ISER\MJones\FOOD_SECURITY\FOOD_PRICING\DATA\RAW_DATA\ACC_RAW
[BAT] CS_OUT_DIR=G:\.shortcut-targets-by-id\10hwxlrEnEox7VqS6tvo44Q8rX59qZcSg\Drones_MV\GITHUB\ISER\MJones\FOOD_SECURITY\FOOD_PRICING\DATA\RAW_DATA\CS_RAW
[BAT] FM_OUT_DIR=G:\.shortcut-targets-by-id\10hwxlrEnEox7VqS6tvo44Q8rX59qZcSg\Drones_MV\GITHUB\ISER\MJones\FOOD_SECURITY\FOOD_PRICING\DATA\RAW_DATA\FM_RAW
[BAT] WM_OUT_DIR=G:\.shortcut-targets-by-id\10hwxlrEnEox7VqS6tvo44Q8rX59qZcSg\Drones_MV\GITHUB\ISER\MJones\FOOD_SECURITY\FOOD_PRICING\DATA\RAW_DATA\WM_RAW
[BAT] Launching central_food_pull.py
[BAT] EXIT CODE=
==== run_food_pull.bat started at Thu 12/18/2025 13:36:34.87 ====
PROJ=
CENTRAL_PY=C:\Users\vlcollier\GITHUB_PUSH\Alaska_Food\DATA_PULL_SCRIPTS\central_food_pull.py
[BAT] RAW_ROOT=G:\.shortcut-targets-by-id\10hwxlrEnEox7VqS6tvo44Q8rX59qZcSg\Drones_MV\GITHUB\ISER\MJones\FOOD_SECURITY\FOOD_PRICING\DATA\RAW_DATA
[BAT] ACC_OUT_DIR=G:\.shortcut-targets-by-id\10hwxlrEnEox7VqS6tvo44Q8rX59qZcSg\Drones_MV\GITHUB\ISER\MJones\FOOD_SECURITY\FOOD_PRICING\DATA\RAW_DATA\ACC_RAW
[BAT] CS_OUT_DIR=G:\.shortcut-targets-by-id\10hwxlrEnEox7VqS6tvo44Q8rX59qZcSg\Drones_MV\GITHUB\ISER\MJones\FOOD_SECURITY\FOOD_PRICING\DATA\RAW_DATA\CS_RAW
[BAT] FM_OUT_DIR=G:\.shortcut-targets-by-id\10hwxlrEnEox7VqS6tvo44Q8rX59qZcSg\Drones_MV\GITHUB\ISER\MJones\FOOD_SECURITY\FOOD_PRICING\DATA\RAW_DATA\FM_RAW
[BAT] WM_OUT_DIR=G:\.shortcut-targets-by-id\10hwxlrEnEox7VqS6tvo44Q8rX59qZcSg\Drones_MV\GITHUB\ISER\MJones\FOOD_SECURITY\FOOD_PRICING\DATA\RAW_DATA\WM_RAW
[BAT] Launching central_food_pull.py
[BAT] EXIT CODE=
==== run_food_pull.bat started at Thu 12/18/2025 13:54:46.84 ====
PROJ=
CENTRAL_PY=C:\Users\vlcollier\GITHUB_PUSH\Alaska_Food\DATA_PULL_SCRIPTS\central_food_pull.py
[BAT] RAW_ROOT=G:\.shortcut-targets-by-id\10hwxlrEnEox7VqS6tvo44Q8rX59qZcSg\Drones_MV\GITHUB\ISER\MJones\FOOD_SECURITY\FOOD_PRICING\DATA\RAW_DATA
[BAT] ACC_OUT_DIR=G:\.shortcut-targets-by-id\10hwxlrEnEox7VqS6tvo44Q8rX59qZcSg\Drones_MV\GITHUB\ISER\MJones\FOOD_SECURITY\FOOD_PRICING\DATA\RAW_DATA\ACC_RAW
[BAT] CS_OUT_DIR=G:\.shortcut-targets-by-id\10hwxlrEnEox7VqS6tvo44Q8rX59qZcSg\Drones_MV\GITHUB\ISER\MJones\FOOD_SECURITY\FOOD_PRICING\DATA\RAW_DATA\CS_RAW
[BAT] FM_OUT_DIR=G:\.shortcut-targets-by-id\10hwxlrEnEox7VqS6tvo44Q8rX59qZcSg\Drones_MV\GITHUB\ISER\MJones\FOOD_SECURITY\FOOD_PRICING\DATA\RAW_DATA\FM_RAW
[BAT] WM_OUT_DIR=G:\.shortcut-targets-by-id\10hwxlrEnEox7VqS6tvo44Q8rX59qZcSg\Drones_MV\GITHUB\ISER\MJones\FOOD_SECURITY\FOOD_PRICING\DATA\RAW_DATA\WM_RAW
[BAT] Launching central_food_pull.py
[BAT] EXIT CODE=
==== run_food_pull.bat started at Thu 12/18/2025 14:11:34.70 ====
PROJ=
CENTRAL_PY=C:\Users\vlcollier\GITHUB_PUSH\Alaska_Food\DATA_PULL_SCRIPTS\central_food_pull.py
[BAT] RAW_ROOT=G:\.shortcut-targets-by-id\10hwxlrEnEox7VqS6tvo44Q8rX59qZcSg\Drones_MV\GITHUB\ISER\MJones\FOOD_SECURITY\FOOD_PRICING\DATA\RAW_DATA
[BAT] ACC_OUT_DIR=G:\.shortcut-targets-by-id\10hwxlrEnEox7VqS6tvo44Q8rX59qZcSg\Drones_MV\GITHUB\ISER\MJones\FOOD_SECURITY\FOOD_PRICING\DATA\RAW_DATA\ACC_RAW
[BAT] CS_OUT_DIR=G:\.shortcut-targets-by-id\10hwxlrEnEox7VqS6tvo44Q8rX59qZcSg\Drones_MV\GITHUB\ISER\MJones\FOOD_SECURITY\FOOD_PRICING\DATA\RAW_DATA\CS_RAW
[BAT] FM_OUT_DIR=G:\.shortcut-targets-by-id\10hwxlrEnEox7VqS6tvo44Q8rX59qZcSg\Drones_MV\GITHUB\ISER\MJones\FOOD_SECURITY\FOOD_PRICING\DATA\RAW_DATA\FM_RAW
[BAT] WM_OUT_DIR=G:\.shortcut-targets-by-id\10hwxlrEnEox7VqS6tvo44Q8rX59qZcSg\Drones_MV\GITHUB\ISER\MJones\FOOD_SECURITY\FOOD_PRICING\DATA\RAW_DATA\WM_RAW
[BAT] Launching central_food_pull.py
[BAT] EXIT CODE=
==== run_food_pull.bat started at Thu 12/18/2025 14:15:59.93 ====
PROJ=
CENTRAL_PY=C:\Users\vlcollier\GITHUB_PUSH\Alaska_Food\DATA_PULL_SCRIPTS\central_food_pull.py
[BAT] RAW_ROOT=G:\.shortcut-targets-by-id\10hwxlrEnEox7VqS6tvo44Q8rX59qZcSg\Drones_MV\GITHUB\ISER\MJones\FOOD_SECURITY\FOOD_PRICING\DATA\RAW_DATA
[BAT] ACC_OUT_DIR=G:\.shortcut-targets-by-id\10hwxlrEnEox7VqS6tvo44Q8rX59qZcSg\Drones_MV\GITHUB\ISER\MJones\FOOD_SECURITY\FOOD_PRICING\DATA\RAW_DATA\ACC_RAW
[BAT] CS_OUT_DIR=G:\.shortcut-targets-by-id\10hwxlrEnEox7VqS6tvo44Q8rX59qZcSg\Drones_MV\GITHUB\ISER\MJones\FOOD_SECURITY\FOOD_PRICING\DATA\RAW_DATA\CS_RAW
[BAT] FM_OUT_DIR=G:\.shortcut-targets-by-id\10hwxlrEnEox7VqS6tvo44Q8rX59qZcSg\Drones_MV\GITHUB\ISER\MJones\FOOD_SECURITY\FOOD_PRICING\DATA\RAW_DATA\FM_RAW
[BAT] WM_OUT_DIR=G:\.shortcut-targets-by-id\10hwxlrEnEox7VqS6tvo44Q8rX59qZcSg\Drones_MV\GITHUB\ISER\MJones\FOOD_SECURITY\FOOD_PRICING\DATA\RAW_DATA\WM_RAW
[BAT] Launching central_food_pull.py
[BAT] EXIT CODE=
==== run_food_pull.bat started at Thu 12/18/2025 14:18:21.20 ====
PROJ=
CENTRAL_PY=C:\Users\vlcollier\GITHUB_PUSH\Alaska_Food\DATA_PULL_SCRIPTS\central_food_pull.py
[BAT] RAW_ROOT=G:\.shortcut-targets-by-id\10hwxlrEnEox7VqS6tvo44Q8rX59qZcSg\Drones_MV\GITHUB\ISER\MJones\FOOD_SECURITY\FOOD_PRICING\DATA\RAW_DATA
[BAT] ACC_OUT_DIR=G:\.shortcut-targets-by-id\10hwxlrEnEox7VqS6tvo44Q8rX59qZcSg\Drones_MV\GITHUB\ISER\MJones\FOOD_SECURITY\FOOD_PRICING\DATA\RAW_DATA\ACC_RAW
[BAT] CS_OUT_DIR=G:\.shortcut-targets-by-id\10hwxlrEnEox7VqS6tvo44Q8rX59qZcSg\Drones_MV\GITHUB\ISER\MJones\FOOD_SECURITY\FOOD_PRICING\DATA\RAW_DATA\CS_RAW
[BAT] FM_OUT_DIR=G:\.shortcut-targets-by-id\10hwxlrEnEox7VqS6tvo44Q8rX59qZcSg\Drones_MV\GITHUB\ISER\MJones\FOOD_SECURITY\FOOD_PRICING\DATA\RAW_DATA\FM_RAW
[BAT] WM_OUT_DIR=G:\.shortcut-targets-by-id\10hwxlrEnEox7VqS6tvo44Q8rX59qZcSg\Drones_MV\GITHUB\ISER\MJones\FOOD_SECURITY\FOOD_PRICING\DATA\RAW_DATA\WM_RAW
[BAT] Launching central_food_pull.py
[BAT] EXIT CODE=
==== run_food_pull.bat started at Thu 12/18/2025 14:22:40.69 ====
PROJ=
CENTRAL_PY=C:\Users\vlcollier\GITHUB_PUSH\Alaska_Food\DATA_PULL_SCRIPTS\central_food_pull.py
[BAT] RAW_ROOT=G:\.shortcut-targets-by-id\10hwxlrEnEox7VqS6tvo44Q8rX59qZcSg\Drones_MV\GITHUB\ISER\MJones\FOOD_SECURITY\FOOD_PRICING\DATA\RAW_DATA
[BAT] ACC_OUT_DIR=G:\.shortcut-targets-by-id\10hwxlrEnEox7VqS6tvo44Q8rX59qZcSg\Drones_MV\GITHUB\ISER\MJones\FOOD_SECURITY\FOOD_PRICING\DATA\RAW_DATA\ACC_RAW
[BAT] CS_OUT_DIR=G:\.shortcut-targets-by-id\10hwxlrEnEox7VqS6tvo44Q8rX59qZcSg\Drones_MV\GITHUB\ISER\MJones\FOOD_SECURITY\FOOD_PRICING\DATA\RAW_DATA\CS_RAW
[BAT] FM_OUT_DIR=G:\.shortcut-targets-by-id\10hwxlrEnEox7VqS6tvo44Q8rX59qZcSg\Drones_MV\GITHUB\ISER\MJones\FOOD_SECURITY\FOOD_PRICING\DATA\RAW_DATA\FM_RAW
[BAT] WM_OUT_DIR=G:\.shortcut-targets-by-id\10hwxlrEnEox7VqS6tvo44Q8rX59qZcSg\Drones_MV\GITHUB\ISER\MJones\FOOD_SECURITY\FOOD_PRICING\DATA\RAW_DATA\WM_RAW
[BAT] Launching central_food_pull.py
[BAT] EXIT CODE=
==== run_food_pull.bat started at Thu 12/18/2025 14:24:35.56 ====
PROJ=
CENTRAL_PY=C:\Users\vlcollier\GITHUB_PUSH\Alaska_Food\DATA_PULL_SCRIPTS\central_food_pull.py
[BAT] RAW_ROOT=G:\.shortcut-targets-by-id\10hwxlrEnEox7VqS6tvo44Q8rX59qZcSg\Drones_MV\GITHUB\ISER\MJones\FOOD_SECURITY\FOOD_PRICING\DATA\RAW_DATA
[BAT] ACC_OUT_DIR=G:\.shortcut-targets-by-id\10hwxlrEnEox7VqS6tvo44Q8rX59qZcSg\Drones_MV\GITHUB\ISER\MJones\FOOD_SECURITY\FOOD_PRICING\DATA\RAW_DATA\ACC_RAW
[BAT] CS_OUT_DIR=G:\.shortcut-targets-by-id\10hwxlrEnEox7VqS6tvo44Q8rX59qZcSg\Drones_MV\GITHUB\ISER\MJones\FOOD_SECURITY\FOOD_PRICING\DATA\RAW_DATA\CS_RAW
[BAT] FM_OUT_DIR=G:\.shortcut-targets-by-id\10hwxlrEnEox7VqS6tvo44Q8rX59qZcSg\Drones_MV\GITHUB\ISER\MJones\FOOD_SECURITY\FOOD_PRICING\DATA\RAW_DATA\FM_RAW
[BAT] WM_OUT_DIR=G:\.shortcut-targets-by-id\10hwxlrEnEox7VqS6tvo44Q8rX59qZcSg\Drones_MV\GITHUB\ISER\MJones\FOOD_SECURITY\FOOD_PRICING\DATA\RAW_DATA\WM_RAW
[BAT] Launching central_food_pull.py
[BAT] EXIT CODE=
==== run_food_pull.bat started at Thu 12/18/2025 14:27:16.79 ====
PROJ=
CENTRAL_PY=C:\Users\vlcollier\GITHUB_PUSH\Alaska_Food\DATA_PULL_SCRIPTS\central_food_pull.py
[BAT] RAW_ROOT=G:\.shortcut-targets-by-id\10hwxlrEnEox7VqS6tvo44Q8rX59qZcSg\Drones_MV\GITHUB\ISER\MJones\FOOD_SECURITY\FOOD_PRICING\DATA\RAW_DATA
[BAT] ACC_OUT_DIR=G:\.shortcut-targets-by-id\10hwxlrEnEox7VqS6tvo44Q8rX59qZcSg\Drones_MV\GITHUB\ISER\MJones\FOOD_SECURITY\FOOD_PRICING\DATA\RAW_DATA\ACC_RAW
[BAT] CS_OUT_DIR=G:\.shortcut-targets-by-id\10hwxlrEnEox7VqS6tvo44Q8rX59qZcSg\Drones_MV\GITHUB\ISER\MJones\FOOD_SECURITY\FOOD_PRICING\DATA\RAW_DATA\CS_RAW
[BAT] FM_OUT_DIR=G:\.shortcut-targets-by-id\10hwxlrEnEox7VqS6tvo44Q8rX59qZcSg\Drones_MV\GITHUB\ISER\MJones\FOOD_SECURITY\FOOD_PRICING\DATA\RAW_DATA\FM_RAW
[BAT] WM_OUT_DIR=G:\.shortcut-targets-by-id\10hwxlrEnEox7VqS6tvo44Q8rX59qZcSg\Drones_MV\GITHUB\ISER\MJones\FOOD_SECURITY\FOOD_PRICING\DATA\RAW_DATA\WM_RAW
[BAT] Launching central_food_pull.py
[BAT] EXIT CODE=
==== run_food_pull.bat started at Thu 12/18/2025 14:34:28.79 ====
PROJ=
CENTRAL_PY=C:\Users\vlcollier\GITHUB_PUSH\Alaska_Food\DATA_PULL_SCRIPTS\central_food_pull.py
[BAT] RAW_ROOT=G:\.shortcut-targets-by-id\10hwxlrEnEox7VqS6tvo44Q8rX59qZcSg\Drones_MV\GITHUB\ISER\MJones\FOOD_SECURITY\FOOD_PRICING\DATA\RAW_DATA
[BAT] ACC_OUT_DIR=G:\.shortcut-targets-by-id\10hwxlrEnEox7VqS6tvo44Q8rX59qZcSg\Drones_MV\GITHUB\ISER\MJones\FOOD_SECURITY\FOOD_PRICING\DATA\RAW_DATA\ACC_RAW
[BAT] CS_OUT_DIR=G:\.shortcut-targets-by-id\10hwxlrEnEox7VqS6tvo44Q8rX59qZcSg\Drones_MV\GITHUB\ISER\MJones\FOOD_SECURITY\FOOD_PRICING\DATA\RAW_DATA\CS_RAW
[BAT] FM_OUT_DIR=G:\.shortcut-targets-by-id\10hwxlrEnEox7VqS6tvo44Q8rX59qZcSg\Drones_MV\GITHUB\ISER\MJones\FOOD_SECURITY\FOOD_PRICING\DATA\RAW_DATA\FM_RAW
[BAT] WM_OUT_DIR=G:\.shortcut-targets-by-id\10hwxlrEnEox7VqS6tvo44Q8rX59qZcSg\Drones_MV\GITHUB\ISER\MJones\FOOD_SECURITY\FOOD_PRICING\DATA\RAW_DATA\WM_RAW
[BAT] Launching central_food_pull.py
[BAT] EXIT CODE=
==== run_food_pull.bat started at Mon 12/22/2025 14:52:46.73 ====
PROJ=
CENTRAL_PY=C:\Users\vlcollier\GITHUB_PUSH\Alaska_Food\DATA_PULL_SCRIPTS\central_food_pull.py
[BAT] RAW_ROOT=G:\.shortcut-targets-by-id\10hwxlrEnEox7VqS6tvo44Q8rX59qZcSg\Drones_MV\GITHUB\ISER\MJones\FOOD_SECURITY\FOOD_PRICING\DATA\RAW_DATA
[BAT] ACC_OUT_DIR=G:\.shortcut-targets-by-id\10hwxlrEnEox7VqS6tvo44Q8rX59qZcSg\Drones_MV\GITHUB\ISER\MJones\FOOD_SECURITY\FOOD_PRICING\DATA\RAW_DATA\ACC_RAW
[BAT] CS_OUT_DIR=G:\.shortcut-targets-by-id\10hwxlrEnEox7VqS6tvo44Q8rX59qZcSg\Drones_MV\GITHUB\ISER\MJones\FOOD_SECURITY\FOOD_PRICING\DATA\RAW_DATA\CS_RAW
[BAT] FM_OUT_DIR=G:\.shortcut-targets-by-id\10hwxlrEnEox7VqS6tvo44Q8rX59qZcSg\Drones_MV\GITHUB\ISER\MJones\FOOD_SECURITY\FOOD_PRICING\DATA\RAW_DATA\FM_RAW
[BAT] WM_OUT_DIR=G:\.shortcut-targets-by-id\10hwxlrEnEox7VqS6tvo44Q8rX59qZcSg\Drones_MV\GITHUB\ISER\MJones\FOOD_SECURITY\FOOD_PRICING\DATA\RAW_DATA\WM_RAW
[BAT] Launching central_food_pull.py
==== run_food_pull.bat started at Mon 12/22/2025 14:55:32.66 ====
PROJ=
CENTRAL_PY=C:\Users\vlcollier\GITHUB_PUSH\Alaska_Food\DATA_PULL_SCRIPTS\central_food_pull.py
[BAT] RAW_ROOT=G:\.shortcut-targets-by-id\10hwxlrEnEox7VqS6tvo44Q8rX59qZcSg\Drones_MV\GITHUB\ISER\MJones\FOOD_SECURITY\FOOD_PRICING\DATA\RAW_DATA
[BAT] ACC_OUT_DIR=G:\.shortcut-targets-by-id\10hwxlrEnEox7VqS6tvo44Q8rX59qZcSg\Drones_MV\GITHUB\ISER\MJones\FOOD_SECURITY\FOOD_PRICING\DATA\RAW_DATA\ACC_RAW
[BAT] CS_OUT_DIR=G:\.shortcut-targets-by-id\10hwxlrEnEox7VqS6tvo44Q8rX59qZcSg\Drones_MV\GITHUB\ISER\MJones\FOOD_SECURITY\FOOD_PRICING\DATA\RAW_DATA\CS_RAW
[BAT] FM_OUT_DIR=G:\.shortcut-targets-by-id\10hwxlrEnEox7VqS6tvo44Q8rX59qZcSg\Drones_MV\GITHUB\ISER\MJones\FOOD_SECURITY\FOOD_PRICING\DATA\RAW_DATA\FM_RAW
[BAT] WM_OUT_DIR=G:\.shortcut-targets-by-id\10hwxlrEnEox7VqS6tvo44Q8rX59qZcSg\Drones_MV\GITHUB\ISER\MJones\FOOD_SECURITY\FOOD_PRICING\DATA\RAW_DATA\WM_RAW
[BAT] Launching central_food_pull.py
==== run_food_pull.bat started at Mon 12/22/2025 14:58:08.80 ====
PROJ=
CENTRAL_PY=C:\Users\vlcollier\GITHUB_PUSH\Alaska_Food\DATA_PULL_SCRIPTS\central_food_pull.py
[BAT] RAW_ROOT=G:\.shortcut-targets-by-id\10hwxlrEnEox7VqS6tvo44Q8rX59qZcSg\Drones_MV\GITHUB\ISER\MJones\FOOD_SECURITY\FOOD_PRICING\DATA\RAW_DATA
[BAT] ACC_OUT_DIR=G:\.shortcut-targets-by-id\10hwxlrEnEox7VqS6tvo44Q8rX59qZcSg\Drones_MV\GITHUB\ISER\MJones\FOOD_SECURITY\FOOD_PRICING\DATA\RAW_DATA\ACC_RAW
[BAT] CS_OUT_DIR=G:\.shortcut-targets-by-id\10hwxlrEnEox7VqS6tvo44Q8rX59qZcSg\Drones_MV\GITHUB\ISER\MJones\FOOD_SECURITY\FOOD_PRICING\DATA\RAW_DATA\CS_RAW
[BAT] FM_OUT_DIR=G:\.shortcut-targets-by-id\10hwxlrEnEox7VqS6tvo44Q8rX59qZcSg\Drones_MV\GITHUB\ISER\MJones\FOOD_SECURITY\FOOD_PRICING\DATA\RAW_DATA\FM_RAW
[BAT] WM_OUT_DIR=G:\.shortcut-targets-by-id\10hwxlrEnEox7VqS6tvo44Q8rX59qZcSg\Drones_MV\GITHUB\ISER\MJones\FOOD_SECURITY\FOOD_PRICING\DATA\RAW_DATA\WM_RAW
[BAT] Launching central_food_pull.py
==== run_food_pull.bat started at Mon 12/22/2025 16:08:16.16 ====
PROJ=
CENTRAL_PY=C:\Users\vlcollier\GITHUB_PUSH\Alaska_Food\DATA_PULL_SCRIPTS\central_food_pull.py
[BAT] RAW_ROOT=G:\.shortcut-targets-by-id\10hwxlrEnEox7VqS6tvo44Q8rX59qZcSg\Drones_MV\GITHUB\ISER\MJones\FOOD_SECURITY\FOOD_PRICING\DATA\RAW_DATA
[BAT] ACC_OUT_DIR=G:\.shortcut-targets-by-id\10hwxlrEnEox7VqS6tvo44Q8rX59qZcSg\Drones_MV\GITHUB\ISER\MJones\FOOD_SECURITY\FOOD_PRICING\DATA\RAW_DATA\ACC_RAW
[BAT] CS_OUT_DIR=G:\.shortcut-targets-by-id\10hwxlrEnEox7VqS6tvo44Q8rX59qZcSg\Drones_MV\GITHUB\ISER\MJones\FOOD_SECURITY\FOOD_PRICING\DATA\RAW_DATA\CS_RAW
[BAT] FM_OUT_DIR=G:\.shortcut-targets-by-id\10hwxlrEnEox7VqS6tvo44Q8rX59qZcSg\Drones_MV\GITHUB\ISER\MJones\FOOD_SECURITY\FOOD_PRICING\DATA\RAW_DATA\FM_RAW
[BAT] WM_OUT_DIR=G:\.shortcut-targets-by-id\10hwxlrEnEox7VqS6tvo44Q8rX59qZcSg\Drones_MV\GITHUB\ISER\MJones\FOOD_SECURITY\FOOD_PRICING\DATA\RAW_DATA\WM_RAW
[BAT] Launching central_food_pull.py
[BAT] EXIT CODE=
==== run_food_pull.bat started at Mon 12/22/2025 16:10:10.00 ====
PROJ=
CENTRAL_PY=C:\Users\vlcollier\GITHUB_PUSH\Alaska_Food\DATA_PULL_SCRIPTS\central_food_pull.py
[BAT] RAW_ROOT=G:\.shortcut-targets-by-id\10hwxlrEnEox7VqS6tvo44Q8rX59qZcSg\Drones_MV\GITHUB\ISER\MJones\FOOD_SECURITY\FOOD_PRICING\DATA\RAW_DATA
[BAT] ACC_OUT_DIR=G:\.shortcut-targets-by-id\10hwxlrEnEox7VqS6tvo44Q8rX59qZcSg\Drones_MV\GITHUB\ISER\MJones\FOOD_SECURITY\FOOD_PRICING\DATA\RAW_DATA\ACC_RAW
[BAT] CS_OUT_DIR=G:\.shortcut-targets-by-id\10hwxlrEnEox7VqS6tvo44Q8rX59qZcSg\Drones_MV\GITHUB\ISER\MJones\FOOD_SECURITY\FOOD_PRICING\DATA\RAW_DATA\CS_RAW
[BAT] FM_OUT_DIR=G:\.shortcut-targets-by-id\10hwxlrEnEox7VqS6tvo44Q8rX59qZcSg\Drones_MV\GITHUB\ISER\MJones\FOOD_SECURITY\FOOD_PRICING\DATA\RAW_DATA\FM_RAW
[BAT] WM_OUT_DIR=G:\.shortcut-targets-by-id\10hwxlrEnEox7VqS6tvo44Q8rX59qZcSg\Drones_MV\GITHUB\ISER\MJones\FOOD_SECURITY\FOOD_PRICING\DATA\RAW_DATA\WM_RAW
[BAT] Launching central_food_pull.py
[BAT] EXIT CODE=
==== run_food_pull.bat started at Mon 12/22/2025 16:14:42.64 ====
PROJ=
CENTRAL_PY=C:\Users\vlcollier\GITHUB_PUSH\Alaska_Food\DATA_PULL_SCRIPTS\central_food_pull.py
[BAT] RAW_ROOT=G:\.shortcut-targets-by-id\10hwxlrEnEox7VqS6tvo44Q8rX59qZcSg\Drones_MV\GITHUB\ISER\MJones\FOOD_SECURITY\FOOD_PRICING\DATA\RAW_DATA
[BAT] ACC_OUT_DIR=G:\.shortcut-targets-by-id\10hwxlrEnEox7VqS6tvo44Q8rX59qZcSg\Drones_MV\GITHUB\ISER\MJones\FOOD_SECURITY\FOOD_PRICING\DATA\RAW_DATA\ACC_RAW
[BAT] CS_OUT_DIR=G:\.shortcut-targets-by-id\10hwxlrEnEox7VqS6tvo44Q8rX59qZcSg\Drones_MV\GITHUB\ISER\MJones\FOOD_SECURITY\FOOD_PRICING\DATA\RAW_DATA\CS_RAW
[BAT] FM_OUT_DIR=G:\.shortcut-targets-by-id\10hwxlrEnEox7VqS6tvo44Q8rX59qZcSg\Drones_MV\GITHUB\ISER\MJones\FOOD_SECURITY\FOOD_PRICING\DATA\RAW_DATA\FM_RAW
[BAT] WM_OUT_DIR=G:\.shortcut-targets-by-id\10hwxlrEnEox7VqS6tvo44Q8rX59qZcSg\Drones_MV\GITHUB\ISER\MJones\FOOD_SECURITY\FOOD_PRICING\DATA\RAW_DATA\WM_RAW
[BAT] Launching central_food_pull.py
[BAT] EXIT CODE=
==== run_food_pull.bat started at Mon 12/22/2025 16:17:42.36 ====
PROJ=
CENTRAL_PY=C:\Users\vlcollier\GITHUB_PUSH\Alaska_Food\DATA_PULL_SCRIPTS\central_food_pull.py
[BAT] RAW_ROOT=G:\.shortcut-targets-by-id\10hwxlrEnEox7VqS6tvo44Q8rX59qZcSg\Drones_MV\GITHUB\ISER\MJones\FOOD_SECURITY\FOOD_PRICING\DATA\RAW_DATA
[BAT] ACC_OUT_DIR=G:\.shortcut-targets-by-id\10hwxlrEnEox7VqS6tvo44Q8rX59qZcSg\Drones_MV\GITHUB\ISER\MJones\FOOD_SECURITY\FOOD_PRICING\DATA\RAW_DATA\ACC_RAW
[BAT] CS_OUT_DIR=G:\.shortcut-targets-by-id\10hwxlrEnEox7VqS6tvo44Q8rX59qZcSg\Drones_MV\GITHUB\ISER\MJones\FOOD_SECURITY\FOOD_PRICING\DATA\RAW_DATA\CS_RAW
[BAT] FM_OUT_DIR=G:\.shortcut-targets-by-id\10hwxlrEnEox7VqS6tvo44Q8rX59qZcSg\Drones_MV\GITHUB\ISER\MJones\FOOD_SECURITY\FOOD_PRICING\DATA\RAW_DATA\FM_RAW
[BAT] WM_OUT_DIR=G:\.shortcut-targets-by-id\10hwxlrEnEox7VqS6tvo44Q8rX59qZcSg\Drones_MV\GITHUB\ISER\MJones\FOOD_SECURITY\FOOD_PRICING\DATA\RAW_DATA\WM_RAW
[BAT] Launching central_food_pull.py
==== run_food_pull.bat started at Tue 12/23/2025 16:45:06.27 ====
PROJ=
CENTRAL_PY=C:\Users\vlcollier\GITHUB_PUSH\Alaska_Food\DATA_PULL_SCRIPTS\central_food_pull.py
[BAT] RAW_ROOT=G:\.shortcut-targets-by-id\10hwxlrEnEox7VqS6tvo44Q8rX59qZcSg\Drones_MV\GITHUB\ISER\MJones\FOOD_SECURITY\FOOD_PRICING\DATA\RAW_DATA
[BAT] ACC_OUT_DIR=G:\.shortcut-targets-by-id\10hwxlrEnEox7VqS6tvo44Q8rX59qZcSg\Drones_MV\GITHUB\ISER\MJones\FOOD_SECURITY\FOOD_PRICING\DATA\RAW_DATA\ACC_RAW
[BAT] CS_OUT_DIR=G:\.shortcut-targets-by-id\10hwxlrEnEox7VqS6tvo44Q8rX59qZcSg\Drones_MV\GITHUB\ISER\MJones\FOOD_SECURITY\FOOD_PRICING\DATA\RAW_DATA\CS_RAW
[BAT] FM_OUT_DIR=G:\.shortcut-targets-by-id\10hwxlrEnEox7VqS6tvo44Q8rX59qZcSg\Drones_MV\GITHUB\ISER\MJones\FOOD_SECURITY\FOOD_PRICING\DATA\RAW_DATA\FM_RAW
[BAT] WM_OUT_DIR=G:\.shortcut-targets-by-id\10hwxlrEnEox7VqS6tvo44Q8rX59qZcSg\Drones_MV\GITHUB\ISER\MJones\FOOD_SECURITY\FOOD_PRICING\DATA\RAW_DATA\WM_RAW
[BAT] Launching central_food_pull.py
==== run_food_pull.bat started at Tue 12/23/2025 17:37:20.42 ====
CENTRAL_PY=C:\Users\vlcollier\GITHUB_PUSH\Alaska_Food\DATA_PULL_SCRIPTS\central_food_pull.py
[BAT] WM_OUT_DIR=G:\.shortcut-targets-by-id\10hwxlrEnEox7VqS6tvo44Q8rX59qZcSg\Drones_MV\GITHUB\ISER\MJones\FOOD_SECURITY\FOOD_PRICING\DATA\RAW_DATA\WM_RAW
[BAT] RUN_WM=TRUE WM_MODE=DOWNLOAD
[BAT] Launching central_food_pull.py
[BAT] EXIT CODE=
==== run_food_pull.bat started at Tue 12/23/2025 17:45:06.28 ====
CENTRAL_PY=C:\Users\vlcollier\GITHUB_PUSH\Alaska_Food\DATA_PULL_SCRIPTS\central_food_pull.py
[BAT] WM_OUT_DIR=G:\.shortcut-targets-by-id\10hwxlrEnEox7VqS6tvo44Q8rX59qZcSg\Drones_MV\GITHUB\ISER\MJones\FOOD_SECURITY\FOOD_PRICING\DATA\RAW_DATA\WM_RAW
[BAT] RUN_WM=TRUE WM_MODE=DOWNLOAD
[BAT] Launching central_food_pull.py
==== run_food_pull.bat started at Wed 12/24/2025 14:20:47.04 ====
CENTRAL_PY=C:\Users\vlcollier\GITHUB_PUSH\Alaska_Food\DATA_PULL_SCRIPTS\central_food_pull.py
[BAT] WM_OUT_DIR=G:\.shortcut-targets-by-id\10hwxlrEnEox7VqS6tvo44Q8rX59qZcSg\Drones_MV\GITHUB\ISER\MJones\FOOD_SECURITY\FOOD_PRICING\DATA\RAW_DATA\WM_RAW
[BAT] RUN_WM=TRUE WM_MODE=DOWNLOAD
[BAT] Launching central_food_pull.py
[BAT] EXIT CODE=
==== run_food_pull.bat started at Wed 12/24/2025 14:21:37.41 ====
CENTRAL_PY=C:\Users\vlcollier\GITHUB_PUSH\Alaska_Food\DATA_PULL_SCRIPTS\central_food_pull.py
[BAT] WM_OUT_DIR=G:\.shortcut-targets-by-id\10hwxlrEnEox7VqS6tvo44Q8rX59qZcSg\Drones_MV\GITHUB\ISER\MJones\FOOD_SECURITY\FOOD_PRICING\DATA\RAW_DATA\WM_RAW
[BAT] RUN_WM=TRUE WM_MODE=DOWNLOAD
[BAT] Launching central_food_pull.py
==== run_food_pull.bat started at Wed 12/24/2025 14:28:09.68 ====
CENTRAL_PY=C:\Users\vlcollier\GITHUB_PUSH\Alaska_Food\DATA_PULL_SCRIPTS\central_food_pull.py
[BAT] WM_OUT_DIR=G:\.shortcut-targets-by-id\10hwxlrEnEox7VqS6tvo44Q8rX59qZcSg\Drones_MV\GITHUB\ISER\MJones\FOOD_SECURITY\FOOD_PRICING\DATA\RAW_DATA\WM_RAW
[BAT] RUN_WM=TRUE WM_MODE=DOWNLOAD
[BAT] Launching central_food_pull.py
[BAT] EXIT CODE=
==== run_food_pull.bat started at Wed 12/24/2025 14:33:19.43 ====
CENTRAL_PY=C:\Users\vlcollier\GITHUB_PUSH\Alaska_Food\DATA_PULL_SCRIPTS\central_food_pull.py
[BAT] WM_OUT_DIR=G:\.shortcut-targets-by-id\10hwxlrEnEox7VqS6tvo44Q8rX59qZcSg\Drones_MV\GITHUB\ISER\MJones\FOOD_SECURITY\FOOD_PRICING\DATA\RAW_DATA\WM_RAW
[BAT] RUN_WM=TRUE WM_MODE=DOWNLOAD
[BAT] Launching central_food_pull.py
==== run_food_pull.bat started at Wed 12/24/2025 14:44:01.15 ====
CENTRAL_PY=C:\Users\vlcollier\GITHUB_PUSH\Alaska_Food\DATA_PULL_SCRIPTS\central_food_pull.py
[BAT] WM_OUT_DIR=G:\.shortcut-targets-by-id\10hwxlrEnEox7VqS6tvo44Q8rX59qZcSg\Drones_MV\GITHUB\ISER\MJones\FOOD_SECURITY\FOOD_PRICING\DATA\RAW_DATA\WM_RAW
[BAT] RUN_WM=TRUE WM_MODE=DOWNLOAD
[BAT] Launching central_food_pull.py
==== run_food_pull.bat started at Wed 12/24/2025 15:21:11.01 ====
[BAT] REPO_ROOT=C:\Users\vlcollier\GITHUB_PUSH\Alaska_Food
[BAT] RAW_DATA_ROOT=G:\.shortcut-targets-by-id\10hwxlrEnEox7VqS6tvo44Q8rX59qZcSg\Drones_MV\GITHUB\ISER\MJones\FOOD_SECURITY\FOOD_PRICING\DATA\RAW_DATA
[BAT] ACC_RAW_ROOT=G:\.shortcut-targets-by-id\10hwxlrEnEox7VqS6tvo44Q8rX59qZcSg\Drones_MV\GITHUB\ISER\MJones\FOOD_SECURITY\FOOD_PRICING\DATA\RAW_DATA\ACC_RAW
[BAT] CS_RAW_ROOT=G:\.shortcut-targets-by-id\10hwxlrEnEox7VqS6tvo44Q8rX59qZcSg\Drones_MV\GITHUB\ISER\MJones\FOOD_SECURITY\FOOD_PRICING\DATA\RAW_DATA\CS_RAW
[BAT] FM_RAW_ROOT=G:\.shortcut-targets-by-id\10hwxlrEnEox7VqS6tvo44Q8rX59qZcSg\Drones_MV\GITHUB\ISER\MJones\FOOD_SECURITY\FOOD_PRICING\DATA\RAW_DATA\FM_RAW
[BAT] WM_RAW_ROOT=G:\.shortcut-targets-by-id\10hwxlrEnEox7VqS6tvo44Q8rX59qZcSg\Drones_MV\GITHUB\ISER\MJones\FOOD_SECURITY\FOOD_PRICING\DATA\RAW_DATA\WM_RAW
[BAT] Launching central_food_pull.py
[BAT] EXIT CODE=
==== run_food_pull.bat started at Wed 12/24/2025 15:23:24.68 ====
[BAT] REPO_ROOT=C:\Users\vlcollier\GITHUB_PUSH\Alaska_Food
[BAT] RAW_DATA_ROOT=G:\.shortcut-targets-by-id\10hwxlrEnEox7VqS6tvo44Q8rX59qZcSg\Drones_MV\GITHUB\ISER\MJones\FOOD_SECURITY\FOOD_PRICING\DATA\RAW_DATA
[BAT] ACC_RAW_ROOT=G:\.shortcut-targets-by-id\10hwxlrEnEox7VqS6tvo44Q8rX59qZcSg\Drones_MV\GITHUB\ISER\MJones\FOOD_SECURITY\FOOD_PRICING\DATA\RAW_DATA\ACC_RAW
[BAT] CS_RAW_ROOT=G:\.shortcut-targets-by-id\10hwxlrEnEox7VqS6tvo44Q8rX59qZcSg\Drones_MV\GITHUB\ISER\MJones\FOOD_SECURITY\FOOD_PRICING\DATA\RAW_DATA\CS_RAW
[BAT] FM_RAW_ROOT=G:\.shortcut-targets-by-id\10hwxlrEnEox7VqS6tvo44Q8rX59qZcSg\Drones_MV\GITHUB\ISER\MJones\FOOD_SECURITY\FOOD_PRICING\DATA\RAW_DATA\FM_RAW
[BAT] WM_RAW_ROOT=G:\.shortcut-targets-by-id\10hwxlrEnEox7VqS6tvo44Q8rX59qZcSg\Drones_MV\GITHUB\ISER\MJones\FOOD_SECURITY\FOOD_PRICING\DATA\RAW_DATA\WM_RAW
[BAT] Launching central_food_pull.py
==== run_food_pull.bat started at Wed 12/24/2025 15:29:50.93 ====
[BAT] REPO_ROOT=C:\Users\vlcollier\GITHUB_PUSH\Alaska_Food
[BAT] RAW_DATA_ROOT=G:\.shortcut-targets-by-id\10hwxlrEnEox7VqS6tvo44Q8rX59qZcSg\Drones_MV\GITHUB\ISER\MJones\FOOD_SECURITY\FOOD_PRICING\DATA\RAW_DATA
[BAT] ACC_RAW_ROOT=G:\.shortcut-targets-by-id\10hwxlrEnEox7VqS6tvo44Q8rX59qZcSg\Drones_MV\GITHUB\ISER\MJones\FOOD_SECURITY\FOOD_PRICING\DATA\RAW_DATA\ACC_RAW
[BAT] CS_RAW_ROOT=G:\.shortcut-targets-by-id\10hwxlrEnEox7VqS6tvo44Q8rX59qZcSg\Drones_MV\GITHUB\ISER\MJones\FOOD_SECURITY\FOOD_PRICING\DATA\RAW_DATA\CS_RAW
[BAT] FM_RAW_ROOT=G:\.shortcut-targets-by-id\10hwxlrEnEox7VqS6tvo44Q8rX59qZcSg\Drones_MV\GITHUB\ISER\MJones\FOOD_SECURITY\FOOD_PRICING\DATA\RAW_DATA\FM_RAW
[BAT] WM_RAW_ROOT=G:\.shortcut-targets-by-id\10hwxlrEnEox7VqS6tvo44Q8rX59qZcSg\Drones_MV\GITHUB\ISER\MJones\FOOD_SECURITY\FOOD_PRICING\DATA\RAW_DATA\WM_RAW
[BAT] Launching central_food_pull.py
==== run_food_pull.bat started at Wed 12/24/2025 15:31:56.74 ====
[BAT] REPO_ROOT=C:\Users\vlcollier\GITHUB_PUSH\Alaska_Food
[BAT] RAW_DATA_ROOT=G:\.shortcut-targets-by-id\10hwxlrEnEox7VqS6tvo44Q8rX59qZcSg\Drones_MV\GITHUB\ISER\MJones\FOOD_SECURITY\FOOD_PRICING\DATA\RAW_DATA
[BAT] ACC_RAW_ROOT=G:\.shortcut-targets-by-id\10hwxlrEnEox7VqS6tvo44Q8rX59qZcSg\Drones_MV\GITHUB\ISER\MJones\FOOD_SECURITY\FOOD_PRICING\DATA\RAW_DATA\ACC_RAW
[BAT] CS_RAW_ROOT=G:\.shortcut-targets-by-id\10hwxlrEnEox7VqS6tvo44Q8rX59qZcSg\Drones_MV\GITHUB\ISER\MJones\FOOD_SECURITY\FOOD_PRICING\DATA\RAW_DATA\CS_RAW
[BAT] FM_RAW_ROOT=G:\.shortcut-targets-by-id\10hwxlrEnEox7VqS6tvo44Q8rX59qZcSg\Drones_MV\GITHUB\ISER\MJones\FOOD_SECURITY\FOOD_PRICING\DATA\RAW_DATA\FM_RAW
[BAT] WM_RAW_ROOT=G:\.shortcut-targets-by-id\10hwxlrEnEox7VqS6tvo44Q8rX59qZcSg\Drones_MV\GITHUB\ISER\MJones\FOOD_SECURITY\FOOD_PRICING\DATA\RAW_DATA\WM_RAW
[BAT] Launching central_food_pull.py
==== run_food_pull.bat started at Wed 12/24/2025 15:47:10.76 ====
[BAT] REPO_ROOT=C:\Users\vlcollier\GITHUB_PUSH\Alaska_Food
[BAT] RAW_DATA_ROOT=G:\.shortcut-targets-by-id\10hwxlrEnEox7VqS6tvo44Q8rX59qZcSg\Drones_MV\GITHUB\ISER\MJones\FOOD_SECURITY\FOOD_PRICING\DATA\RAW_DATA
[BAT] ACC_RAW_ROOT=G:\.shortcut-targets-by-id\10hwxlrEnEox7VqS6tvo44Q8rX59qZcSg\Drones_MV\GITHUB\ISER\MJones\FOOD_SECURITY\FOOD_PRICING\DATA\RAW_DATA\ACC_RAW
[BAT] CS_RAW_ROOT=G:\.shortcut-targets-by-id\10hwxlrEnEox7VqS6tvo44Q8rX59qZcSg\Drones_MV\GITHUB\ISER\MJones\FOOD_SECURITY\FOOD_PRICING\DATA\RAW_DATA\CS_RAW
[BAT] FM_RAW_ROOT=G:\.shortcut-targets-by-id\10hwxlrEnEox7VqS6tvo44Q8rX59qZcSg\Drones_MV\GITHUB\ISER\MJones\FOOD_SECURITY\FOOD_PRICING\DATA\RAW_DATA\FM_RAW
[BAT] WM_RAW_ROOT=G:\.shortcut-targets-by-id\10hwxlrEnEox7VqS6tvo44Q8rX59qZcSg\Drones_MV\GITHUB\ISER\MJones\FOOD_SECURITY\FOOD_PRICING\DATA\RAW_DATA\WM_RAW
[BAT] Launching central_food_pull.py
==== run_food_pull.bat started at Tue 12/30/2025 12:57:24.43 ====
[BAT] REPO_ROOT=C:\Users\vlcollier\GITHUB_PUSH\Alaska_Food
[BAT] RAW_DATA_ROOT=G:\.shortcut-targets-by-id\10hwxlrEnEox7VqS6tvo44Q8rX59qZcSg\Drones_MV\GITHUB\ISER\MJones\FOOD_SECURITY\FOOD_PRICING\DATA\RAW_DATA
[BAT] ACC_RAW_ROOT=G:\.shortcut-targets-by-id\10hwxlrEnEox7VqS6tvo44Q8rX59qZcSg\Drones_MV\GITHUB\ISER\MJones\FOOD_SECURITY\FOOD_PRICING\DATA\RAW_DATA\ACC_RAW
[BAT] CS_RAW_ROOT=G:\.shortcut-targets-by-id\10hwxlrEnEox7VqS6tvo44Q8rX59qZcSg\Drones_MV\GITHUB\ISER\MJones\FOOD_SECURITY\FOOD_PRICING\DATA\RAW_DATA\CS_RAW
[BAT] FM_RAW_ROOT=G:\.shortcut-targets-by-id\10hwxlrEnEox7VqS6tvo44Q8rX59qZcSg\Drones_MV\GITHUB\ISER\MJones\FOOD_SECURITY\FOOD_PRICING\DATA\RAW_DATA\FM_RAW
[BAT] WM_RAW_ROOT=G:\.shortcut-targets-by-id\10hwxlrEnEox7VqS6tvo44Q8rX59qZcSg\Drones_MV\GITHUB\ISER\MJones\FOOD_SECURITY\FOOD_PRICING\DATA\RAW_DATA\WM_RAW
[BAT] Launching central_food_pull.py
[BAT] EXIT CODE=
==== run_food_pull.bat started at Tue 12/30/2025 13:56:36.63 ====
[BAT] REPO_ROOT=C:\Users\vlcollier\GITHUB_PUSH\Alaska_Food
[BAT] RAW_DATA_ROOT=G:\.shortcut-targets-by-id\10hwxlrEnEox7VqS6tvo44Q8rX59qZcSg\Drones_MV\GITHUB\ISER\MJones\FOOD_SECURITY\FOOD_PRICING\DATA\RAW_DATA
[BAT] ACC_RAW_ROOT=G:\.shortcut-targets-by-id\10hwxlrEnEox7VqS6tvo44Q8rX59qZcSg\Drones_MV\GITHUB\ISER\MJones\FOOD_SECURITY\FOOD_PRICING\DATA\RAW_DATA\ACC_RAW
[BAT] CS_RAW_ROOT=G:\.shortcut-targets-by-id\10hwxlrEnEox7VqS6tvo44Q8rX59qZcSg\Drones_MV\GITHUB\ISER\MJones\FOOD_SECURITY\FOOD_PRICING\DATA\RAW_DATA\CS_RAW
[BAT] FM_RAW_ROOT=G:\.shortcut-targets-by-id\10hwxlrEnEox7VqS6tvo44Q8rX59qZcSg\Drones_MV\GITHUB\ISER\MJones\FOOD_SECURITY\FOOD_PRICING\DATA\RAW_DATA\FM_RAW
[BAT] WM_RAW_ROOT=G:\.shortcut-targets-by-id\10hwxlrEnEox7VqS6tvo44Q8rX59qZcSg\Drones_MV\GITHUB\ISER\MJones\FOOD_SECURITY\FOOD_PRICING\DATA\RAW_DATA\WM_RAW
[BAT] Launching central_food_pull.py
[BAT] EXIT CODE=
==== run_food_pull.bat started Tue 12/30/2025 14:26:46.50 ====
[BAT] REPO_ROOT=C:\Users\vlcollier\GITHUB_PUSH\Alaska_Food
[BAT] DATA_PULL=C:\Users\vlcollier\GITHUB_PUSH\Alaska_Food\DATA_PULL_SCRIPTS
[BAT] CENTRAL_PY=C:\Users\vlcollier\GITHUB_PUSH\Alaska_Food\DATA_PULL_SCRIPTS\central_food_pull.py
[BAT] RAW_DATA_ROOT=G:\.shortcut-targets-by-id\10hwxlrEnEox7VqS6tvo44Q8rX59qZcSg\Drones_MV\GITHUB\ISER\MJones\FOOD_SECURITY\FOOD_PRICING\DATA\RAW_DATA
[BAT] ACC_RAW_ROOT=G:\.shortcut-targets-by-id\10hwxlrEnEox7VqS6tvo44Q8rX59qZcSg\Drones_MV\GITHUB\ISER\MJones\FOOD_SECURITY\FOOD_PRICING\DATA\RAW_DATA\ACC_RAW
[BAT] CS_RAW_ROOT=G:\.shortcut-targets-by-id\10hwxlrEnEox7VqS6tvo44Q8rX59qZcSg\Drones_MV\GITHUB\ISER\MJones\FOOD_SECURITY\FOOD_PRICING\DATA\RAW_DATA\CS_RAW
[BAT] FM_RAW_ROOT=G:\.shortcut-targets-by-id\10hwxlrEnEox7VqS6tvo44Q8rX59qZcSg\Drones_MV\GITHUB\ISER\MJones\FOOD_SECURITY\FOOD_PRICING\DATA\RAW_DATA\FM_RAW
[BAT] WM_RAW_ROOT=G:\.shortcut-targets-by-id\10hwxlrEnEox7VqS6tvo44Q8rX59qZcSg\Drones_MV\GITHUB\ISER\MJones\FOOD_SECURITY\FOOD_PRICING\DATA\RAW_DATA\WM_RAW
[BAT] SCRAPE_LOG_DIR=C:\Users\vlcollier\GITHUB_PUSH\Alaska_Food\DATA_PULL_SCRIPTS\Scraping_Logs
[BAT] RUN_ACC=FALSE RUN_CS=FALSE RUN_FM=FALSE RUN_WM=TRUE
[BAT] WM_MODE=DOWNLOAD WM_SNAPSHOT_ID=sd_mjc2uwzoro56qxt8e
[BAT] Launching central_food_pull.py
[BAT] EXIT CODE=
==== run_food_pull.bat started Tue 12/30/2025 14:33:57.03 ====
[BAT] REPO_ROOT=C:\Users\vlcollier\GITHUB_PUSH\Alaska_Food
[BAT] DATA_PULL=C:\Users\vlcollier\GITHUB_PUSH\Alaska_Food\DATA_PULL_SCRIPTS
[BAT] CENTRAL_PY=C:\Users\vlcollier\GITHUB_PUSH\Alaska_Food\DATA_PULL_SCRIPTS\central_food_pull.py
[BAT] RAW_DATA_ROOT=G:\.shortcut-targets-by-id\10hwxlrEnEox7VqS6tvo44Q8rX59qZcSg\Drones_MV\GITHUB\ISER\MJones\FOOD_SECURITY\FOOD_PRICING\DATA\RAW_DATA
[BAT] ACC_RAW_ROOT=G:\.shortcut-targets-by-id\10hwxlrEnEox7VqS6tvo44Q8rX59qZcSg\Drones_MV\GITHUB\ISER\MJones\FOOD_SECURITY\FOOD_PRICING\DATA\RAW_DATA\ACC_RAW
[BAT] CS_RAW_ROOT=G:\.shortcut-targets-by-id\10hwxlrEnEox7VqS6tvo44Q8rX59qZcSg\Drones_MV\GITHUB\ISER\MJones\FOOD_SECURITY\FOOD_PRICING\DATA\RAW_DATA\CS_RAW
[BAT] FM_RAW_ROOT=G:\.shortcut-targets-by-id\10hwxlrEnEox7VqS6tvo44Q8rX59qZcSg\Drones_MV\GITHUB\ISER\MJones\FOOD_SECURITY\FOOD_PRICING\DATA\RAW_DATA\FM_RAW
[BAT] WM_RAW_ROOT=G:\.shortcut-targets-by-id\10hwxlrEnEox7VqS6tvo44Q8rX59qZcSg\Drones_MV\GITHUB\ISER\MJones\FOOD_SECURITY\FOOD_PRICING\DATA\RAW_DATA\WM_RAW
[BAT] SCRAPE_LOG_DIR=C:\Users\vlcollier\GITHUB_PUSH\Alaska_Food\DATA_PULL_SCRIPTS\Scraping_Logs
[BAT] RUN_ACC=FALSE RUN_CS=FALSE RUN_FM=FALSE RUN_WM=TRUE
[BAT] WM_MODE=DOWNLOAD WM_SNAPSHOT_ID=sd_mjc2uwzoro56qxt8e
[BAT] Launching central_food_pull.py
==== run_food_pull.bat started Tue 12/30/2025 14:36:53.54 ====
[BAT] REPO_ROOT=C:\Users\vlcollier\GITHUB_PUSH\Alaska_Food
[BAT] DATA_PULL=C:\Users\vlcollier\GITHUB_PUSH\Alaska_Food\DATA_PULL_SCRIPTS
[BAT] CENTRAL_PY=C:\Users\vlcollier\GITHUB_PUSH\Alaska_Food\DATA_PULL_SCRIPTS\central_food_pull.py
[BAT] RAW_DATA_ROOT=G:\.shortcut-targets-by-id\10hwxlrEnEox7VqS6tvo44Q8rX59qZcSg\Drones_MV\GITHUB\ISER\MJones\FOOD_SECURITY\FOOD_PRICING\DATA\RAW_DATA
[BAT] ACC_RAW_ROOT=G:\.shortcut-targets-by-id\10hwxlrEnEox7VqS6tvo44Q8rX59qZcSg\Drones_MV\GITHUB\ISER\MJones\FOOD_SECURITY\FOOD_PRICING\DATA\RAW_DATA\ACC_RAW
[BAT] CS_RAW_ROOT=G:\.shortcut-targets-by-id\10hwxlrEnEox7VqS6tvo44Q8rX59qZcSg\Drones_MV\GITHUB\ISER\MJones\FOOD_SECURITY\FOOD_PRICING\DATA\RAW_DATA\CS_RAW
[BAT] FM_RAW_ROOT=G:\.shortcut-targets-by-id\10hwxlrEnEox7VqS6tvo44Q8rX59qZcSg\Drones_MV\GITHUB\ISER\MJones\FOOD_SECURITY\FOOD_PRICING\DATA\RAW_DATA\FM_RAW
[BAT] WM_RAW_ROOT=G:\.shortcut-targets-by-id\10hwxlrEnEox7VqS6tvo44Q8rX59qZcSg\Drones_MV\GITHUB\ISER\MJones\FOOD_SECURITY\FOOD_PRICING\DATA\RAW_DATA\WM_RAW
[BAT] SCRAPE_LOG_DIR=C:\Users\vlcollier\GITHUB_PUSH\Alaska_Food\DATA_PULL_SCRIPTS\Scraping_Logs
[BAT] RUN_ACC=FALSE RUN_CS=FALSE RUN_FM=FALSE RUN_WM=TRUE
[BAT] WM_MODE=DOWNLOAD WM_SNAPSHOT_ID=sd_mjc2uwzoro56qxt8e
[BAT] Launching central_food_pull.py
